2025-09-28 01:17:52,110 WARNING database DDL Query made to DB:
create table `tabFee Schedule Student Group` (
			name varchar(140) primary key,
			creation datetime(6),
			modified datetime(6),
			modified_by varchar(140),
			owner varchar(140),
			docstatus tinyint not null default '0',
			idx int not null default '0',
			`student_group` varchar(140),
`total_students` varchar(140),
parent varchar(140),
parentfield varchar(140),
parenttype varchar(140),
index parent(parent))
			ENGINE=InnoDB
			ROW_FORMAT=DYNAMIC
			CHARACTER SET=utf8mb4
			COLLATE=utf8mb4_unicode_ci
2025-09-28 01:17:52,216 WARNING database DDL Query made to DB:
create table `tabProgram` (
			name varchar(140) primary key,
			creation datetime(6),
			modified datetime(6),
			modified_by varchar(140),
			owner varchar(140),
			docstatus tinyint not null default '0',
			idx int not null default '0',
			`program_name` varchar(140) UNIQUE,
`department` varchar(140),
`hero_image` text,
`program_abbreviation` varchar(140),
`_user_tags` text,
`_comments` text,
`_assign` text,
`_liked_by` text,
index creation(creation),
index modified(modified))
			ENGINE=InnoDB
			ROW_FORMAT=DYNAMIC
			CHARACTER SET=utf8mb4
			COLLATE=utf8mb4_unicode_ci
2025-09-28 01:17:52,391 WARNING database DDL Query made to DB:
create table `tabPayment Record` (
			name varchar(140) primary key,
			creation datetime(6),
			modified datetime(6),
			modified_by varchar(140),
			owner varchar(140),
			docstatus tinyint not null default '0',
			idx int not null default '0',
			`student` varchar(140),
`mobile` varchar(140),
`email` varchar(140),
`status` varchar(140),
`against_invoice` varchar(140),
`order_id` varchar(140),
`payment_id` varchar(140),
`signature` varchar(140),
`failure_description` text,
`amount` decimal(21,9) NOT NULL DEFAULT 0.0,
`currency` varchar(140),
`address_line_1` varchar(140),
`address_line_2` varchar(140),
`pincode` varchar(140),
`city` varchar(140),
`state` varchar(140),
`country` varchar(140),
`_user_tags` text,
`_comments` text,
`_assign` text,
`_liked_by` text,
index creation(creation),
index modified(modified))
			ENGINE=InnoDB
			ROW_FORMAT=DYNAMIC
			CHARACTER SET=utf8mb4
			COLLATE=utf8mb4_unicode_ci
2025-09-28 01:17:52,492 WARNING database DDL Query made to DB:
create table `tabStudent Siblings` (
			name varchar(140) primary key,
			creation datetime(6),
			modified datetime(6),
			modified_by varchar(140),
			owner varchar(140),
			docstatus tinyint not null default '0',
			idx int not null default '0',
			`name1` varchar(140),
`gender` varchar(140),
`date_of_birth` date,
parent varchar(140),
parentfield varchar(140),
parenttype varchar(140),
index parent(parent))
			ENGINE=InnoDB
			ROW_FORMAT=DYNAMIC
			CHARACTER SET=utf8mb4
			COLLATE=utf8mb4_unicode_ci
2025-09-28 01:17:52,589 WARNING database DDL Query made to DB:
create table `tabAssessment Result Detail` (
			name varchar(140) primary key,
			creation datetime(6),
			modified datetime(6),
			modified_by varchar(140),
			owner varchar(140),
			docstatus tinyint not null default '0',
			idx int not null default '0',
			`assessment_criteria` varchar(140),
`maximum_score` decimal(21,9) NOT NULL DEFAULT 0.0,
`score` decimal(21,9) NOT NULL DEFAULT 0.0,
`grade` varchar(140),
parent varchar(140),
parentfield varchar(140),
parenttype varchar(140),
index parent(parent))
			ENGINE=InnoDB
			ROW_FORMAT=DYNAMIC
			CHARACTER SET=utf8mb4
			COLLATE=utf8mb4_unicode_ci
2025-09-28 01:17:52,701 WARNING database DDL Query made to DB:
create table `tabStudent Admission` (
			name varchar(140) primary key,
			creation datetime(6),
			modified datetime(6),
			modified_by varchar(140),
			owner varchar(140),
			docstatus tinyint not null default '0',
			idx int not null default '0',
			`title` varchar(140),
`route` varchar(140) UNIQUE,
`published` tinyint(4) NOT NULL DEFAULT 0,
`enable_admission_application` tinyint(4) NOT NULL DEFAULT 0,
`academic_year` varchar(140),
`admission_start_date` date,
`admission_end_date` date,
`introduction` longtext,
`_user_tags` text,
`_comments` text,
`_assign` text,
`_liked_by` text,
index creation(creation),
index modified(modified))
			ENGINE=InnoDB
			ROW_FORMAT=DYNAMIC
			CHARACTER SET=utf8mb4
			COLLATE=utf8mb4_unicode_ci
2025-09-28 01:17:52,809 WARNING database DDL Query made to DB:
create table `tabFee Category Default` (
			name varchar(140) primary key,
			creation datetime(6),
			modified datetime(6),
			modified_by varchar(140),
			owner varchar(140),
			docstatus tinyint not null default '0',
			idx int not null default '0',
			`company` varchar(140),
`income_account` varchar(140),
`selling_cost_center` varchar(140),
parent varchar(140),
parentfield varchar(140),
parenttype varchar(140),
index parent(parent))
			ENGINE=InnoDB
			ROW_FORMAT=DYNAMIC
			CHARACTER SET=utf8mb4
			COLLATE=utf8mb4_unicode_ci
2025-09-28 01:17:52,949 WARNING database DDL Query made to DB:
create table `tabStudent Log` (
			name varchar(140) primary key,
			creation datetime(6),
			modified datetime(6),
			modified_by varchar(140),
			owner varchar(140),
			docstatus tinyint not null default '0',
			idx int not null default '0',
			`student` varchar(140),
`student_name` varchar(140),
`type` varchar(140),
`date` date,
`academic_year` varchar(140),
`academic_term` varchar(140),
`program` varchar(140),
`student_batch` varchar(140),
`log` longtext,
`_user_tags` text,
`_comments` text,
`_assign` text,
`_liked_by` text,
`_seen` text,
index creation(creation),
index modified(modified))
			ENGINE=InnoDB
			ROW_FORMAT=DYNAMIC
			CHARACTER SET=utf8mb4
			COLLATE=utf8mb4_unicode_ci
2025-09-28 01:17:53,043 WARNING database DDL Query made to DB:
create table `tabTopic Content` (
			name varchar(140) primary key,
			creation datetime(6),
			modified datetime(6),
			modified_by varchar(140),
			owner varchar(140),
			docstatus tinyint not null default '0',
			idx int not null default '0',
			`content_type` varchar(140),
`content` varchar(140),
parent varchar(140),
parentfield varchar(140),
parenttype varchar(140),
index parent(parent))
			ENGINE=InnoDB
			ROW_FORMAT=DYNAMIC
			CHARACTER SET=utf8mb4
			COLLATE=utf8mb4_unicode_ci
2025-09-28 01:17:53,142 WARNING database DDL Query made to DB:
create table `tabStudent Sibling` (
			name varchar(140) primary key,
			creation datetime(6),
			modified datetime(6),
			modified_by varchar(140),
			owner varchar(140),
			docstatus tinyint not null default '0',
			idx int not null default '0',
			`studying_in_same_institute` varchar(140),
`full_name` varchar(140),
`gender` varchar(140),
`student` varchar(140),
`institution` varchar(140),
`program` varchar(140),
`date_of_birth` date,
parent varchar(140),
parentfield varchar(140),
parenttype varchar(140),
index parent(parent))
			ENGINE=InnoDB
			ROW_FORMAT=DYNAMIC
			CHARACTER SET=utf8mb4
			COLLATE=utf8mb4_unicode_ci
2025-09-28 01:17:53,422 WARNING database DDL Query made to DB:
create table `tabGuardian` (
			name varchar(140) primary key,
			creation datetime(6),
			modified datetime(6),
			modified_by varchar(140),
			owner varchar(140),
			docstatus tinyint not null default '0',
			idx int not null default '0',
			`guardian_name` varchar(140),
`email_address` varchar(140),
`mobile_number` varchar(140),
`alternate_number` varchar(140),
`date_of_birth` date,
`user` varchar(140),
`education` varchar(140),
`occupation` varchar(140),
`designation` varchar(140),
`work_address` text,
`image` text,
`_user_tags` text,
`_comments` text,
`_assign` text,
`_liked_by` text,
index creation(creation),
index modified(modified))
			ENGINE=InnoDB
			ROW_FORMAT=DYNAMIC
			CHARACTER SET=utf8mb4
			COLLATE=utf8mb4_unicode_ci
2025-09-28 01:17:53,552 WARNING database DDL Query made to DB:
create table `tabProgram Enrollment Fee` (
			name varchar(140) primary key,
			creation datetime(6),
			modified datetime(6),
			modified_by varchar(140),
			owner varchar(140),
			docstatus tinyint not null default '0',
			idx int not null default '0',
			`academic_term` varchar(140),
`fee_structure` varchar(140),
`due_date` date,
`amount` decimal(21,9) NOT NULL DEFAULT 0.0,
parent varchar(140),
parentfield varchar(140),
parenttype varchar(140),
index parent(parent))
			ENGINE=InnoDB
			ROW_FORMAT=DYNAMIC
			CHARACTER SET=utf8mb4
			COLLATE=utf8mb4_unicode_ci
2025-09-28 01:17:53,650 WARNING database DDL Query made to DB:
create table `tabArticle` (
			name varchar(140) primary key,
			creation datetime(6),
			modified datetime(6),
			modified_by varchar(140),
			owner varchar(140),
			docstatus tinyint not null default '0',
			idx int not null default '0',
			`title` varchar(140) UNIQUE,
`author` varchar(140),
`content` longtext,
`publish_date` date,
`_user_tags` text,
`_comments` text,
`_assign` text,
`_liked_by` text,
index creation(creation),
index modified(modified))
			ENGINE=InnoDB
			ROW_FORMAT=DYNAMIC
			CHARACTER SET=utf8mb4
			COLLATE=utf8mb4_unicode_ci
2025-09-28 01:17:53,824 WARNING database DDL Query made to DB:
create table `tabAssessment Result` (
			name varchar(140) primary key,
			creation datetime(6),
			modified datetime(6),
			modified_by varchar(140),
			owner varchar(140),
			docstatus tinyint not null default '0',
			idx int not null default '0',
			`assessment_plan` varchar(140),
`program` varchar(140),
`course` varchar(140),
`academic_year` varchar(140),
`academic_term` varchar(140),
`student` varchar(140),
`student_name` varchar(140),
`student_group` varchar(140),
`assessment_group` varchar(140),
`grading_scale` varchar(140),
`maximum_score` decimal(21,9) NOT NULL DEFAULT 0.0,
`total_score` decimal(21,9) NOT NULL DEFAULT 0.0,
`grade` varchar(140),
`comment` text,
`amended_from` varchar(140),
`_user_tags` text,
`_comments` text,
`_assign` text,
`_liked_by` text,
index creation(creation),
index modified(modified))
			ENGINE=InnoDB
			ROW_FORMAT=DYNAMIC
			CHARACTER SET=utf8mb4
			COLLATE=utf8mb4_unicode_ci
2025-09-28 01:17:53,947 WARNING database DDL Query made to DB:
create table `tabStudent Leave Application` (
			name varchar(140) primary key,
			creation datetime(6),
			modified datetime(6),
			modified_by varchar(140),
			owner varchar(140),
			docstatus tinyint not null default '0',
			idx int not null default '0',
			`student` varchar(140),
`student_name` varchar(140),
`from_date` date,
`to_date` date,
`total_leave_days` decimal(21,9) NOT NULL DEFAULT 0.0,
`attendance_based_on` varchar(140) DEFAULT 'Student Group',
`student_group` varchar(140),
`course_schedule` varchar(140),
`mark_as_present` tinyint(4) NOT NULL DEFAULT 0,
`reason` text,
`amended_from` varchar(140),
`_user_tags` text,
`_comments` text,
`_assign` text,
`_liked_by` text,
index creation(creation),
index modified(modified))
			ENGINE=InnoDB
			ROW_FORMAT=DYNAMIC
			CHARACTER SET=utf8mb4
			COLLATE=utf8mb4_unicode_ci
2025-09-28 01:17:54,063 WARNING database DDL Query made to DB:
create table `tabAcademic Year` (
			name varchar(140) primary key,
			creation datetime(6),
			modified datetime(6),
			modified_by varchar(140),
			owner varchar(140),
			docstatus tinyint not null default '0',
			idx int not null default '0',
			`academic_year_name` varchar(140) UNIQUE,
`year_start_date` date,
`year_end_date` date,
`_user_tags` text,
`_comments` text,
`_assign` text,
`_liked_by` text,
index creation(creation),
index modified(modified))
			ENGINE=InnoDB
			ROW_FORMAT=DYNAMIC
			CHARACTER SET=utf8mb4
			COLLATE=utf8mb4_unicode_ci
2025-09-28 01:17:54,175 WARNING database DDL Query made to DB:
create table `tabAssessment Criteria` (
			name varchar(140) primary key,
			creation datetime(6),
			modified datetime(6),
			modified_by varchar(140),
			owner varchar(140),
			docstatus tinyint not null default '0',
			idx int not null default '0',
			`assessment_criteria` varchar(140),
`assessment_criteria_group` varchar(140),
`_user_tags` text,
`_comments` text,
`_assign` text,
`_liked_by` text,
index creation(creation),
index modified(modified))
			ENGINE=InnoDB
			ROW_FORMAT=DYNAMIC
			CHARACTER SET=utf8mb4
			COLLATE=utf8mb4_unicode_ci
2025-09-28 01:17:54,315 WARNING database DDL Query made to DB:
create table `tabCourse Enrollment` (
			name varchar(140) primary key,
			creation datetime(6),
			modified datetime(6),
			modified_by varchar(140),
			owner varchar(140),
			docstatus tinyint not null default '0',
			idx int not null default '0',
			`program_enrollment` varchar(140),
`program` varchar(140),
`enrollment_date` date,
`course` varchar(140),
`student` varchar(140),
`student_name` varchar(140),
`_user_tags` text,
`_comments` text,
`_assign` text,
`_liked_by` text,
index creation(creation),
index modified(modified))
			ENGINE=InnoDB
			ROW_FORMAT=DYNAMIC
			CHARACTER SET=utf8mb4
			COLLATE=utf8mb4_unicode_ci
2025-09-28 01:17:54,428 WARNING database DDL Query made to DB:
create table `tabSchool House` (
			name varchar(140) primary key,
			creation datetime(6),
			modified datetime(6),
			modified_by varchar(140),
			owner varchar(140),
			docstatus tinyint not null default '0',
			idx int not null default '0',
			`house_name` varchar(140),
`_user_tags` text,
`_comments` text,
`_assign` text,
`_liked_by` text,
index creation(creation),
index modified(modified))
			ENGINE=InnoDB
			ROW_FORMAT=DYNAMIC
			CHARACTER SET=utf8mb4
			COLLATE=utf8mb4_unicode_ci
2025-09-28 01:17:54,659 WARNING database DDL Query made to DB:
create table `tabCourse Topic` (
			name varchar(140) primary key,
			creation datetime(6),
			modified datetime(6),
			modified_by varchar(140),
			owner varchar(140),
			docstatus tinyint not null default '0',
			idx int not null default '0',
			`topic` varchar(140),
`topic_name` varchar(140),
parent varchar(140),
parentfield varchar(140),
parenttype varchar(140),
index parent(parent))
			ENGINE=InnoDB
			ROW_FORMAT=DYNAMIC
			CHARACTER SET=utf8mb4
			COLLATE=utf8mb4_unicode_ci
2025-09-28 01:17:54,791 WARNING database DDL Query made to DB:
create table `tabInstructor` (
			name varchar(140) primary key,
			creation datetime(6),
			modified datetime(6),
			modified_by varchar(140),
			owner varchar(140),
			docstatus tinyint not null default '0',
			idx int not null default '0',
			`instructor_name` varchar(140),
`employee` varchar(140),
`gender` varchar(140),
`status` varchar(140) DEFAULT 'Active',
`naming_series` varchar(140),
`department` varchar(140),
`image` text,
`_user_tags` text,
`_comments` text,
`_assign` text,
`_liked_by` text,
index creation(creation),
index modified(modified))
			ENGINE=InnoDB
			ROW_FORMAT=DYNAMIC
			CHARACTER SET=utf8mb4
			COLLATE=utf8mb4_unicode_ci
2025-09-28 01:17:54,908 WARNING database DDL Query made to DB:
create table `tabGuardian Interest` (
			name varchar(140) primary key,
			creation datetime(6),
			modified datetime(6),
			modified_by varchar(140),
			owner varchar(140),
			docstatus tinyint not null default '0',
			idx int not null default '0',
			`interest` varchar(140),
parent varchar(140),
parentfield varchar(140),
parenttype varchar(140),
index parent(parent))
			ENGINE=InnoDB
			ROW_FORMAT=DYNAMIC
			CHARACTER SET=utf8mb4
			COLLATE=utf8mb4_unicode_ci
2025-09-28 01:17:55,003 WARNING database DDL Query made to DB:
create table `tabStudent Admission Program` (
			name varchar(140) primary key,
			creation datetime(6),
			modified datetime(6),
			modified_by varchar(140),
			owner varchar(140),
			docstatus tinyint not null default '0',
			idx int not null default '0',
			`program` varchar(140),
`min_age` int(11) NOT NULL DEFAULT 0,
`max_age` int(11) NOT NULL DEFAULT 0,
`description` text,
`application_fee` decimal(21,9) NOT NULL DEFAULT 0.0,
`applicant_naming_series` varchar(140),
parent varchar(140),
parentfield varchar(140),
parenttype varchar(140),
index parent(parent))
			ENGINE=InnoDB
			ROW_FORMAT=DYNAMIC
			CHARACTER SET=utf8mb4
			COLLATE=utf8mb4_unicode_ci
2025-09-28 01:17:55,108 WARNING database DDL Query made to DB:
create table `tabQuiz Result` (
			name varchar(140) primary key,
			creation datetime(6),
			modified datetime(6),
			modified_by varchar(140),
			owner varchar(140),
			docstatus tinyint not null default '0',
			idx int not null default '0',
			`question` varchar(140),
`selected_option` varchar(140),
`quiz_result` varchar(140),
parent varchar(140),
parentfield varchar(140),
parenttype varchar(140),
index parent(parent))
			ENGINE=InnoDB
			ROW_FORMAT=DYNAMIC
			CHARACTER SET=utf8mb4
			COLLATE=utf8mb4_unicode_ci
2025-09-28 01:17:55,210 WARNING database DDL Query made to DB:
create table `tabCourse Activity` (
			name varchar(140) primary key,
			creation datetime(6),
			modified datetime(6),
			modified_by varchar(140),
			owner varchar(140),
			docstatus tinyint not null default '0',
			idx int not null default '0',
			`enrollment` varchar(140),
`course` varchar(140),
`student` varchar(140),
`content_type` varchar(140),
`content` varchar(140),
`activity_date` datetime(6),
`_user_tags` text,
`_comments` text,
`_assign` text,
`_liked_by` text,
index creation(creation),
index modified(modified))
			ENGINE=InnoDB
			ROW_FORMAT=DYNAMIC
			CHARACTER SET=utf8mb4
			COLLATE=utf8mb4_unicode_ci
2025-09-28 01:17:55,317 WARNING database DDL Query made to DB:
create table `tabAssessment Group` (
			name varchar(140) primary key,
			creation datetime(6),
			modified datetime(6),
			modified_by varchar(140),
			owner varchar(140),
			docstatus tinyint not null default '0',
			idx int not null default '0',
			`assessment_group_name` varchar(140) UNIQUE,
`parent_assessment_group` varchar(140),
`is_group` tinyint(4) NOT NULL DEFAULT 0,
`lft` int(11) NOT NULL DEFAULT 0,
`rgt` int(11) NOT NULL DEFAULT 0,
`old_parent` varchar(140),
`_user_tags` text,
`_comments` text,
`_assign` text,
`_liked_by` text,
index creation(creation),
index modified(modified))
			ENGINE=InnoDB
			ROW_FORMAT=DYNAMIC
			CHARACTER SET=utf8mb4
			COLLATE=utf8mb4_unicode_ci
2025-09-28 01:17:55,446 WARNING database DDL Query made to DB:
create table `tabAssessment Plan Criteria` (
			name varchar(140) primary key,
			creation datetime(6),
			modified datetime(6),
			modified_by varchar(140),
			owner varchar(140),
			docstatus tinyint not null default '0',
			idx int not null default '0',
			`assessment_criteria` varchar(140),
`maximum_score` decimal(21,9) NOT NULL DEFAULT 0.0,
parent varchar(140),
parentfield varchar(140),
parenttype varchar(140),
index parent(parent))
			ENGINE=InnoDB
			ROW_FORMAT=DYNAMIC
			CHARACTER SET=utf8mb4
			COLLATE=utf8mb4_unicode_ci
2025-09-28 01:18:00,337 WARNING database DDL Query made to DB:
ALTER TABLE `tabSales Order` ADD COLUMN `student` varchar(140), ADD COLUMN `fee_schedule` varchar(140)
2025-09-28 01:18:00,535 WARNING database DDL Query made to DB:
ALTER TABLE `tabSales Invoice` ADD COLUMN `student` varchar(140), ADD COLUMN `fee_schedule` varchar(140)
2025-09-28 11:01:07,545 WARNING database DDL Query made to DB:
create table `tabLMS Program Member` (
			name varchar(140) primary key,
			creation datetime(6),
			modified datetime(6),
			modified_by varchar(140),
			owner varchar(140),
			docstatus tinyint not null default '0',
			idx int not null default '0',
			`member` varchar(140),
`full_name` varchar(140),
`progress` int(11) NOT NULL DEFAULT 0,
parent varchar(140),
parentfield varchar(140),
parenttype varchar(140),
index parent(parent))
			ENGINE=InnoDB
			ROW_FORMAT=DYNAMIC
			CHARACTER SET=utf8mb4
			COLLATE=utf8mb4_unicode_ci
2025-09-28 11:01:07,772 WARNING database DDL Query made to DB:
create table `tabExercise Latest Submission` (
			name varchar(140) primary key,
			creation datetime(6),
			modified datetime(6),
			modified_by varchar(140),
			owner varchar(140),
			docstatus tinyint not null default '0',
			idx int not null default '0',
			`exercise` varchar(140),
`status` varchar(140),
`batch_old` varchar(140),
`exercise_title` varchar(140),
`course` varchar(140),
`lesson` varchar(140),
`solution` longtext,
`image` longtext,
`test_results` text,
`comments` text,
`latest_submission` varchar(140),
`member` varchar(140),
`member_email` varchar(140),
`member_cohort` varchar(140),
`member_subgroup` varchar(140),
`_user_tags` text,
`_comments` text,
`_assign` text,
`_liked_by` text,
index `exercise`(`exercise`),
index `member_email`(`member_email`),
index `member_cohort`(`member_cohort`),
index `member_subgroup`(`member_subgroup`),
index creation(creation),
index modified(modified))
			ENGINE=InnoDB
			ROW_FORMAT=DYNAMIC
			CHARACTER SET=utf8mb4
			COLLATE=utf8mb4_unicode_ci
2025-09-28 11:01:07,907 WARNING database DDL Query made to DB:
create table `tabLMS Programming Exercise` (
			name varchar(140) primary key,
			creation datetime(6),
			modified datetime(6),
			modified_by varchar(140),
			owner varchar(140),
			docstatus tinyint not null default '0',
			idx int not null default '0',
			`title` varchar(140),
`language` varchar(140) DEFAULT 'Python',
`problem_statement` longtext,
`_user_tags` text,
`_comments` text,
`_assign` text,
`_liked_by` text,
index creation(creation))
			ENGINE=InnoDB
			ROW_FORMAT=DYNAMIC
			CHARACTER SET=utf8mb4
			COLLATE=utf8mb4_unicode_ci
2025-09-28 11:01:08,075 WARNING database DDL Query made to DB:
create table `tabLMS Batch Timetable` (
			name varchar(140) primary key,
			creation datetime(6),
			modified datetime(6),
			modified_by varchar(140),
			owner varchar(140),
			docstatus tinyint not null default '0',
			idx int not null default '0',
			`reference_doctype` varchar(140),
`reference_docname` varchar(140),
`date` date,
`day` int(11) NOT NULL DEFAULT 0,
`start_time` time(6),
`end_time` time(6),
`duration` varchar(140),
`milestone` tinyint(4) NOT NULL DEFAULT 0,
parent varchar(140),
parentfield varchar(140),
parenttype varchar(140),
index parent(parent))
			ENGINE=InnoDB
			ROW_FORMAT=DYNAMIC
			CHARACTER SET=utf8mb4
			COLLATE=utf8mb4_unicode_ci
2025-09-28 11:01:08,195 WARNING database DDL Query made to DB:
create table `tabLMS Course Review` (
			name varchar(140) primary key,
			creation datetime(6),
			modified datetime(6),
			modified_by varchar(140),
			owner varchar(140),
			docstatus tinyint not null default '0',
			idx int not null default '0',
			`rating` decimal(3,2),
`course` varchar(140),
`review` text,
`_user_tags` text,
`_comments` text,
`_assign` text,
`_liked_by` text,
index creation(creation),
index modified(modified))
			ENGINE=InnoDB
			ROW_FORMAT=DYNAMIC
			CHARACTER SET=utf8mb4
			COLLATE=utf8mb4_unicode_ci
2025-09-28 11:01:08,326 WARNING database DDL Query made to DB:
create table `tabPreferred Industry` (
			name varchar(140) primary key,
			creation datetime(6),
			modified datetime(6),
			modified_by varchar(140),
			owner varchar(140),
			docstatus tinyint not null default '0',
			idx int not null default '0',
			`industry` varchar(140),
parent varchar(140),
parentfield varchar(140),
parenttype varchar(140),
index parent(parent))
			ENGINE=InnoDB
			ROW_FORMAT=DYNAMIC
			CHARACTER SET=utf8mb4
			COLLATE=utf8mb4_unicode_ci
2025-09-28 11:01:08,553 WARNING database DDL Query made to DB:
create table `tabPayment Country` (
			name varchar(140) primary key,
			creation datetime(6),
			modified datetime(6),
			modified_by varchar(140),
			owner varchar(140),
			docstatus tinyint not null default '0',
			idx int not null default '0',
			`country` varchar(140),
parent varchar(140),
parentfield varchar(140),
parenttype varchar(140),
index parent(parent))
			ENGINE=InnoDB
			ROW_FORMAT=DYNAMIC
			CHARACTER SET=utf8mb4
			COLLATE=utf8mb4_unicode_ci
2025-09-28 11:01:08,669 WARNING database DDL Query made to DB:
create table `tabCourse Chapter` (
			name varchar(140) primary key,
			creation datetime(6),
			modified datetime(6),
			modified_by varchar(140),
			owner varchar(140),
			docstatus tinyint not null default '0',
			idx int not null default '0',
			`title` varchar(140),
`course` varchar(140),
`course_title` varchar(140),
`is_scorm_package` tinyint(4) NOT NULL DEFAULT 0,
`scorm_package` varchar(140),
`scorm_package_path` longtext,
`manifest_file` longtext,
`launch_file` longtext,
`_user_tags` text,
`_comments` text,
`_assign` text,
`_liked_by` text,
index creation(creation),
index modified(modified))
			ENGINE=InnoDB
			ROW_FORMAT=DYNAMIC
			CHARACTER SET=utf8mb4
			COLLATE=utf8mb4_unicode_ci
2025-09-28 11:01:09,074 WARNING database DDL Query made to DB:
create table `tabLMS Batch` (
			name varchar(140) primary key,
			creation datetime(6),
			modified datetime(6),
			modified_by varchar(140),
			owner varchar(140),
			docstatus tinyint not null default '0',
			idx int not null default '0',
			`title` varchar(140),
`start_date` date,
`end_date` date,
`start_time` time(6),
`end_time` time(6),
`timezone` varchar(140),
`published` tinyint(4) NOT NULL DEFAULT 0,
`allow_self_enrollment` tinyint(4) NOT NULL DEFAULT 0,
`certification` tinyint(4) NOT NULL DEFAULT 0,
`description` text,
`zoom_account` varchar(140),
`medium` varchar(140) DEFAULT 'Online',
`category` varchar(140),
`confirmation_email_template` varchar(140),
`seat_count` int(11) NOT NULL DEFAULT 0,
`evaluation_end_date` date,
`meta_image` text,
`batch_details` longtext,
`batch_details_raw` longtext,
`timetable_template` varchar(140),
`show_live_class` tinyint(4) NOT NULL DEFAULT 0,
`allow_future` tinyint(4) NOT NULL DEFAULT 1,
`paid_batch` tinyint(4) NOT NULL DEFAULT 0,
`amount` decimal(21,9) NOT NULL DEFAULT 0.0,
`currency` varchar(140),
`amount_usd` decimal(21,9) NOT NULL DEFAULT 0.0,
`custom_component` longtext,
`custom_script` longtext,
`_user_tags` text,
`_comments` text,
`_assign` text,
`_liked_by` text,
index creation(creation),
index modified(modified))
			ENGINE=InnoDB
			ROW_FORMAT=DYNAMIC
			CHARACTER SET=utf8mb4
			COLLATE=utf8mb4_unicode_ci
2025-09-28 11:01:09,224 WARNING database DDL Query made to DB:
create table `tabLMS Certificate Evaluation` (
			name varchar(140) primary key,
			creation datetime(6),
			modified datetime(6),
			modified_by varchar(140),
			owner varchar(140),
			docstatus tinyint not null default '0',
			idx int not null default '0',
			`member` varchar(140),
`member_name` varchar(140),
`course` varchar(140),
`batch_name` varchar(140),
`evaluator` varchar(140),
`evaluator_name` varchar(140),
`date` date,
`start_time` time(6),
`end_time` time(6),
`rating` decimal(3,2),
`status` varchar(140),
`summary` text,
`_user_tags` text,
`_comments` text,
`_assign` text,
`_liked_by` text,
index creation(creation),
index modified(modified))
			ENGINE=InnoDB
			ROW_FORMAT=DYNAMIC
			CHARACTER SET=utf8mb4
			COLLATE=utf8mb4_unicode_ci
2025-09-28 11:01:09,357 WARNING database DDL Query made to DB:
create table `tabLMS Live Class` (
			name varchar(140) primary key,
			creation datetime(6),
			modified datetime(6),
			modified_by varchar(140),
			owner varchar(140),
			docstatus tinyint not null default '0',
			idx int not null default '0',
			`title` varchar(140),
`host` varchar(140),
`zoom_account` varchar(140),
`batch_name` varchar(140),
`date` date,
`time` time(6),
`duration` int(11) NOT NULL DEFAULT 0,
`timezone` varchar(140),
`description` text,
`event` varchar(140),
`auto_recording` varchar(140) DEFAULT 'No Recording',
`meeting_id` varchar(140),
`uuid` varchar(140),
`attendees` int(11) NOT NULL DEFAULT 0,
`password` text,
`start_url` text,
`join_url` text,
`_user_tags` text,
`_comments` text,
`_assign` text,
`_liked_by` text,
index creation(creation),
index modified(modified))
			ENGINE=InnoDB
			ROW_FORMAT=DYNAMIC
			CHARACTER SET=utf8mb4
			COLLATE=utf8mb4_unicode_ci
2025-09-28 11:01:09,467 WARNING database DDL Query made to DB:
create table `tabLMS Zoom Settings` (
			name varchar(140) primary key,
			creation datetime(6),
			modified datetime(6),
			modified_by varchar(140),
			owner varchar(140),
			docstatus tinyint not null default '0',
			idx int not null default '0',
			`enabled` tinyint(4) NOT NULL DEFAULT 0,
`account_name` varchar(140) UNIQUE,
`member` varchar(140),
`member_name` varchar(140),
`member_image` text,
`account_id` varchar(140),
`client_id` varchar(140),
`client_secret` text,
`_user_tags` text,
`_comments` text,
`_assign` text,
`_liked_by` text,
index creation(creation))
			ENGINE=InnoDB
			ROW_FORMAT=DYNAMIC
			CHARACTER SET=utf8mb4
			COLLATE=utf8mb4_unicode_ci
2025-09-28 11:01:09,565 WARNING database DDL Query made to DB:
create table `tabLMS Test Case` (
			name varchar(140) primary key,
			creation datetime(6),
			modified datetime(6),
			modified_by varchar(140),
			owner varchar(140),
			docstatus tinyint not null default '0',
			idx int not null default '0',
			`input` varchar(140),
`expected_output` varchar(140),
parent varchar(140),
parentfield varchar(140),
parenttype varchar(140),
index parent(parent))
			ENGINE=InnoDB
			ROW_FORMAT=DYNAMIC
			CHARACTER SET=utf8mb4
			COLLATE=utf8mb4_unicode_ci
2025-09-28 11:01:09,685 WARNING database DDL Query made to DB:
create table `tabLMS Program` (
			name varchar(140) primary key,
			creation datetime(6),
			modified datetime(6),
			modified_by varchar(140),
			owner varchar(140),
			docstatus tinyint not null default '0',
			idx int not null default '0',
			`title` varchar(140) UNIQUE,
`published` tinyint(4) NOT NULL DEFAULT 0,
`enforce_course_order` tinyint(4) NOT NULL DEFAULT 0,
`course_count` int(11) NOT NULL DEFAULT 0,
`member_count` int(11) NOT NULL DEFAULT 0,
`_user_tags` text,
`_comments` text,
`_assign` text,
`_liked_by` text,
index creation(creation))
			ENGINE=InnoDB
			ROW_FORMAT=DYNAMIC
			CHARACTER SET=utf8mb4
			COLLATE=utf8mb4_unicode_ci
2025-09-28 11:01:09,813 WARNING database DDL Query made to DB:
create table `tabLMS Batch Enrollment` (
			name varchar(140) primary key,
			creation datetime(6),
			modified datetime(6),
			modified_by varchar(140),
			owner varchar(140),
			docstatus tinyint not null default '0',
			idx int not null default '0',
			`member` varchar(140),
`member_name` varchar(140),
`member_username` varchar(140),
`batch` varchar(140),
`payment` varchar(140),
`source` varchar(140),
`confirmation_email_sent` tinyint(4) NOT NULL DEFAULT 0,
`_user_tags` text,
`_comments` text,
`_assign` text,
`_liked_by` text,
index creation(creation))
			ENGINE=InnoDB
			ROW_FORMAT=DYNAMIC
			CHARACTER SET=utf8mb4
			COLLATE=utf8mb4_unicode_ci
2025-09-28 11:01:09,933 WARNING database DDL Query made to DB:
create table `tabLMS Badge` (
			name varchar(140) primary key,
			creation datetime(6),
			modified datetime(6),
			modified_by varchar(140),
			owner varchar(140),
			docstatus tinyint not null default '0',
			idx int not null default '0',
			`enabled` tinyint(4) NOT NULL DEFAULT 1,
`title` varchar(140) UNIQUE,
`description` text,
`reference_doctype` varchar(140),
`event` varchar(140),
`image` text,
`grant_only_once` tinyint(4) NOT NULL DEFAULT 0,
`user_field` varchar(140),
`field_to_check` varchar(140),
`condition` longtext,
`_user_tags` text,
`_comments` text,
`_assign` text,
`_liked_by` text,
index creation(creation))
			ENGINE=InnoDB
			ROW_FORMAT=DYNAMIC
			CHARACTER SET=utf8mb4
			COLLATE=utf8mb4_unicode_ci
2025-09-28 11:01:10,053 WARNING database DDL Query made to DB:
create table `tabCohort Mentor` (
			name varchar(140) primary key,
			creation datetime(6),
			modified datetime(6),
			modified_by varchar(140),
			owner varchar(140),
			docstatus tinyint not null default '0',
			idx int not null default '0',
			`cohort` varchar(140),
`email` varchar(140),
`subgroup` varchar(140),
`course` varchar(140),
`_user_tags` text,
`_comments` text,
`_assign` text,
`_liked_by` text,
index creation(creation),
index modified(modified))
			ENGINE=InnoDB
			ROW_FORMAT=DYNAMIC
			CHARACTER SET=utf8mb4
			COLLATE=utf8mb4_unicode_ci
2025-09-28 11:01:10,167 WARNING database DDL Query made to DB:
create table `tabLMS Category` (
			name varchar(140) primary key,
			creation datetime(6),
			modified datetime(6),
			modified_by varchar(140),
			owner varchar(140),
			docstatus tinyint not null default '0',
			idx int not null default '0',
			`category` varchar(140) UNIQUE,
`_user_tags` text,
`_comments` text,
`_assign` text,
`_liked_by` text,
index creation(creation),
index modified(modified))
			ENGINE=InnoDB
			ROW_FORMAT=DYNAMIC
			CHARACTER SET=utf8mb4
			COLLATE=utf8mb4_unicode_ci
2025-09-28 11:01:10,300 WARNING database DDL Query made to DB:
create table `tabLMS Assignment` (
			name varchar(140) primary key,
			creation datetime(6),
			modified datetime(6),
			modified_by varchar(140),
			owner varchar(140),
			docstatus tinyint not null default '0',
			idx int not null default '0',
			`title` varchar(140),
`question` longtext,
`type` varchar(140),
`grade_assignment` tinyint(4) NOT NULL DEFAULT 1,
`show_answer` tinyint(4) NOT NULL DEFAULT 0,
`answer` longtext,
`_user_tags` text,
`_comments` text,
`_assign` text,
`_liked_by` text,
index creation(creation),
index modified(modified))
			ENGINE=InnoDB
			ROW_FORMAT=DYNAMIC
			CHARACTER SET=utf8mb4
			COLLATE=utf8mb4_unicode_ci
2025-09-28 11:01:10,410 WARNING database DDL Query made to DB:
create table `tabScheduled Flow` (
			name varchar(140) primary key,
			creation datetime(6),
			modified datetime(6),
			modified_by varchar(140),
			owner varchar(140),
			docstatus tinyint not null default '0',
			idx int not null default '0',
			`lesson` varchar(140),
`lesson_title` varchar(140),
`date` date,
`start_time` time(6),
`end_time` time(6),
parent varchar(140),
parentfield varchar(140),
parenttype varchar(140),
index parent(parent))
			ENGINE=InnoDB
			ROW_FORMAT=DYNAMIC
			CHARACTER SET=utf8mb4
			COLLATE=utf8mb4_unicode_ci
2025-09-28 11:01:10,522 WARNING database DDL Query made to DB:
create table `tabLMS Certificate` (
			name varchar(140) primary key,
			creation datetime(6),
			modified datetime(6),
			modified_by varchar(140),
			owner varchar(140),
			docstatus tinyint not null default '0',
			idx int not null default '0',
			`member` varchar(140),
`member_name` varchar(140),
`evaluator` varchar(140),
`evaluator_name` varchar(140),
`issue_date` date,
`expiry_date` date,
`template` varchar(140),
`published` tinyint(4) NOT NULL DEFAULT 0,
`course` varchar(140),
`course_title` varchar(140),
`batch_name` varchar(140),
`batch_title` varchar(140),
`_user_tags` text,
`_comments` text,
`_assign` text,
`_liked_by` text,
index creation(creation),
index modified(modified))
			ENGINE=InnoDB
			ROW_FORMAT=DYNAMIC
			CHARACTER SET=utf8mb4
			COLLATE=utf8mb4_unicode_ci
2025-09-28 11:01:10,650 WARNING database DDL Query made to DB:
create table `tabUser Skill` (
			name varchar(140) primary key,
			creation datetime(6),
			modified datetime(6),
			modified_by varchar(140),
			owner varchar(140),
			docstatus tinyint not null default '0',
			idx int not null default '0',
			`skill` varchar(140) UNIQUE,
`_user_tags` text,
`_comments` text,
`_assign` text,
`_liked_by` text,
index creation(creation),
index modified(modified))
			ENGINE=InnoDB
			ROW_FORMAT=DYNAMIC
			CHARACTER SET=utf8mb4
			COLLATE=utf8mb4_unicode_ci
2025-09-28 11:01:10,737 WARNING database DDL Query made to DB:
create table `tabLMS Assessment` (
			name varchar(140) primary key,
			creation datetime(6),
			modified datetime(6),
			modified_by varchar(140),
			owner varchar(140),
			docstatus tinyint not null default '0',
			idx int not null default '0',
			`assessment_type` varchar(140),
`assessment_name` varchar(140),
parent varchar(140),
parentfield varchar(140),
parenttype varchar(140),
index parent(parent))
			ENGINE=InnoDB
			ROW_FORMAT=DYNAMIC
			CHARACTER SET=utf8mb4
			COLLATE=utf8mb4_unicode_ci
2025-09-28 11:01:10,854 WARNING database DDL Query made to DB:
create table `tabLMS Quiz Question` (
			name varchar(140) primary key,
			creation datetime(6),
			modified datetime(6),
			modified_by varchar(140),
			owner varchar(140),
			docstatus tinyint not null default '0',
			idx int not null default '0',
			`question` varchar(140),
`marks` int(11) NOT NULL DEFAULT 1,
`question_detail` text,
`type` varchar(140),
parent varchar(140),
parentfield varchar(140),
parenttype varchar(140),
index parent(parent))
			ENGINE=InnoDB
			ROW_FORMAT=DYNAMIC
			CHARACTER SET=utf8mb4
			COLLATE=utf8mb4_unicode_ci
2025-09-28 11:01:10,970 WARNING database DDL Query made to DB:
create table `tabCohort Web Page` (
			name varchar(140) primary key,
			creation datetime(6),
			modified datetime(6),
			modified_by varchar(140),
			owner varchar(140),
			docstatus tinyint not null default '0',
			idx int not null default '0',
			`slug` varchar(140),
`title` varchar(140),
`template` varchar(140),
`scope` varchar(140) DEFAULT 'Cohort',
`required_role` varchar(140) DEFAULT 'Public',
parent varchar(140),
parentfield varchar(140),
parenttype varchar(140),
index parent(parent))
			ENGINE=InnoDB
			ROW_FORMAT=DYNAMIC
			CHARACTER SET=utf8mb4
			COLLATE=utf8mb4_unicode_ci
2025-09-28 11:01:11,080 WARNING database DDL Query made to DB:
create table `tabLMS Course Interest` (
			name varchar(140) primary key,
			creation datetime(6),
			modified datetime(6),
			modified_by varchar(140),
			owner varchar(140),
			docstatus tinyint not null default '0',
			idx int not null default '0',
			`course` varchar(140),
`user` varchar(140),
`email_sent` tinyint(4) NOT NULL DEFAULT 0,
`_user_tags` text,
`_comments` text,
`_assign` text,
`_liked_by` text,
index creation(creation),
index modified(modified))
			ENGINE=InnoDB
			ROW_FORMAT=DYNAMIC
			CHARACTER SET=utf8mb4
			COLLATE=utf8mb4_unicode_ci
2025-09-28 11:01:11,208 WARNING database DDL Query made to DB:
create table `tabEducation Detail` (
			name varchar(140) primary key,
			creation datetime(6),
			modified datetime(6),
			modified_by varchar(140),
			owner varchar(140),
			docstatus tinyint not null default '0',
			idx int not null default '0',
			`institution_name` varchar(140),
`location` varchar(140),
`degree_type` varchar(140),
`major` varchar(140),
`grade_type` varchar(140),
`grade` varchar(140),
`start_date` date,
`end_date` date,
parent varchar(140),
parentfield varchar(140),
parenttype varchar(140),
index parent(parent))
			ENGINE=InnoDB
			ROW_FORMAT=DYNAMIC
			CHARACTER SET=utf8mb4
			COLLATE=utf8mb4_unicode_ci
2025-09-28 11:01:11,340 WARNING database DDL Query made to DB:
create table `tabLMS Enrollment` (
			name varchar(140) primary key,
			creation datetime(6),
			modified datetime(6),
			modified_by varchar(140),
			owner varchar(140),
			docstatus tinyint not null default '0',
			idx int not null default '0',
			`course` varchar(140),
`progress` decimal(21,9) NOT NULL DEFAULT 0.0,
`payment` varchar(140),
`current_lesson` varchar(140),
`member` varchar(140),
`member_name` varchar(140),
`member_username` varchar(140),
`member_image` text,
`purchased_certificate` tinyint(4) NOT NULL DEFAULT 0,
`certificate` varchar(140),
`cohort` varchar(140),
`subgroup` varchar(140),
`batch_old` varchar(140),
`member_type` varchar(140) DEFAULT 'Student',
`role` varchar(140) DEFAULT 'Member',
`_user_tags` text,
`_comments` text,
`_assign` text,
`_liked_by` text,
index `course`(`course`),
index `member`(`member`),
index creation(creation),
index modified(modified))
			ENGINE=InnoDB
			ROW_FORMAT=DYNAMIC
			CHARACTER SET=utf8mb4
			COLLATE=utf8mb4_unicode_ci
2025-09-28 11:01:11,462 WARNING database DDL Query made to DB:
create table `tabLMS Sidebar Item` (
			name varchar(140) primary key,
			creation datetime(6),
			modified datetime(6),
			modified_by varchar(140),
			owner varchar(140),
			docstatus tinyint not null default '0',
			idx int not null default '0',
			`web_page` varchar(140),
`title` varchar(140),
`icon` varchar(140),
`route` varchar(140),
parent varchar(140),
parentfield varchar(140),
parenttype varchar(140),
index parent(parent))
			ENGINE=InnoDB
			ROW_FORMAT=DYNAMIC
			CHARACTER SET=utf8mb4
			COLLATE=utf8mb4_unicode_ci
2025-09-28 11:01:11,576 WARNING database DDL Query made to DB:
create table `tabLMS Timetable Template` (
			name varchar(140) primary key,
			creation datetime(6),
			modified datetime(6),
			modified_by varchar(140),
			owner varchar(140),
			docstatus tinyint not null default '0',
			idx int not null default '0',
			`title` varchar(140),
`_user_tags` text,
`_comments` text,
`_assign` text,
`_liked_by` text,
index creation(creation),
index modified(modified))
			ENGINE=InnoDB
			ROW_FORMAT=DYNAMIC
			CHARACTER SET=utf8mb4
			COLLATE=utf8mb4_unicode_ci
2025-09-28 11:01:11,687 WARNING database DDL Query made to DB:
create table `tabLMS Course Mentor Mapping` (
			name varchar(140) primary key,
			creation datetime(6),
			modified datetime(6),
			modified_by varchar(140),
			owner varchar(140),
			docstatus tinyint not null default '0',
			idx int not null default '0',
			`course` varchar(140),
`mentor` varchar(140),
`mentor_name` varchar(140),
`_user_tags` text,
`_comments` text,
`_assign` text,
`_liked_by` text,
index creation(creation),
index modified(modified))
			ENGINE=InnoDB
			ROW_FORMAT=DYNAMIC
			CHARACTER SET=utf8mb4
			COLLATE=utf8mb4_unicode_ci
2025-09-28 11:01:11,815 WARNING database DDL Query made to DB:
create table `tabLMS Lesson Note` (
			name varchar(140) primary key,
			creation datetime(6),
			modified datetime(6),
			modified_by varchar(140),
			owner varchar(140),
			docstatus tinyint not null default '0',
			idx int not null default '0',
			`lesson` varchar(140),
`course` varchar(140),
`member` varchar(140),
`color` varchar(140),
`highlighted_text` text,
`note` longtext,
`_user_tags` text,
`_comments` text,
`_assign` text,
`_liked_by` text,
index creation(creation))
			ENGINE=InnoDB
			ROW_FORMAT=DYNAMIC
			CHARACTER SET=utf8mb4
			COLLATE=utf8mb4_unicode_ci
2025-09-28 11:01:12,054 WARNING database DDL Query made to DB:
create table `tabLMS Course Progress` (
			name varchar(140) primary key,
			creation datetime(6),
			modified datetime(6),
			modified_by varchar(140),
			owner varchar(140),
			docstatus tinyint not null default '0',
			idx int not null default '0',
			`member` varchar(140),
`member_name` varchar(140),
`status` varchar(140),
`lesson` varchar(140),
`chapter` varchar(140),
`course` varchar(140),
`is_scorm_chapter` tinyint(4) NOT NULL DEFAULT 0,
`scorm_content` longtext,
`_user_tags` text,
`_comments` text,
`_assign` text,
`_liked_by` text,
index `member`(`member`),
index `status`(`status`),
index `lesson`(`lesson`),
index `chapter`(`chapter`),
index `course`(`course`),
index `is_scorm_chapter`(`is_scorm_chapter`),
index creation(creation),
index modified(modified))
			ENGINE=InnoDB
			ROW_FORMAT=DYNAMIC
			CHARACTER SET=utf8mb4
			COLLATE=utf8mb4_unicode_ci
2025-09-28 11:01:12,161 WARNING database DDL Query made to DB:
create table `tabFunction` (
			name varchar(140) primary key,
			creation datetime(6),
			modified datetime(6),
			modified_by varchar(140),
			owner varchar(140),
			docstatus tinyint not null default '0',
			idx int not null default '0',
			`function` varchar(140) UNIQUE,
`_user_tags` text,
`_comments` text,
`_assign` text,
`_liked_by` text,
index creation(creation),
index modified(modified))
			ENGINE=InnoDB
			ROW_FORMAT=DYNAMIC
			CHARACTER SET=utf8mb4
			COLLATE=utf8mb4_unicode_ci
2025-09-28 11:01:12,423 WARNING database DDL Query made to DB:
create table `tabLMS Certificate Request` (
			name varchar(140) primary key,
			creation datetime(6),
			modified datetime(6),
			modified_by varchar(140),
			owner varchar(140),
			docstatus tinyint not null default '0',
			idx int not null default '0',
			`course` varchar(140),
`course_title` varchar(140),
`member` varchar(140),
`member_name` varchar(140),
`evaluator` varchar(140),
`evaluator_name` varchar(140),
`batch_name` varchar(140),
`batch_title` varchar(140),
`timezone` varchar(140),
`date` date,
`day` varchar(140),
`google_meet_link` varchar(140),
`start_time` time(6),
`end_time` time(6),
`status` varchar(140),
`_user_tags` text,
`_comments` text,
`_assign` text,
`_liked_by` text,
index creation(creation),
index modified(modified))
			ENGINE=InnoDB
			ROW_FORMAT=DYNAMIC
			CHARACTER SET=utf8mb4
			COLLATE=utf8mb4_unicode_ci
2025-09-28 11:01:12,546 WARNING database DDL Query made to DB:
create table `tabLMS Program Course` (
			name varchar(140) primary key,
			creation datetime(6),
			modified datetime(6),
			modified_by varchar(140),
			owner varchar(140),
			docstatus tinyint not null default '0',
			idx int not null default '0',
			`course` varchar(140),
`course_title` varchar(140),
parent varchar(140),
parentfield varchar(140),
parenttype varchar(140),
index parent(parent))
			ENGINE=InnoDB
			ROW_FORMAT=DYNAMIC
			CHARACTER SET=utf8mb4
			COLLATE=utf8mb4_unicode_ci
2025-09-28 11:01:12,665 WARNING database DDL Query made to DB:
create table `tabCourse Instructor` (
			name varchar(140) primary key,
			creation datetime(6),
			modified datetime(6),
			modified_by varchar(140),
			owner varchar(140),
			docstatus tinyint not null default '0',
			idx int not null default '0',
			`instructor` varchar(140),
parent varchar(140),
parentfield varchar(140),
parenttype varchar(140),
index parent(parent))
			ENGINE=InnoDB
			ROW_FORMAT=DYNAMIC
			CHARACTER SET=utf8mb4
			COLLATE=utf8mb4_unicode_ci
2025-09-28 11:01:12,791 WARNING database DDL Query made to DB:
create table `tabWork Experience` (
			name varchar(140) primary key,
			creation datetime(6),
			modified datetime(6),
			modified_by varchar(140),
			owner varchar(140),
			docstatus tinyint not null default '0',
			idx int not null default '0',
			`title` varchar(140),
`company` varchar(140),
`location` varchar(140),
`description` text,
`current` tinyint(4) NOT NULL DEFAULT 0,
`from_date` date,
`to_date` date,
parent varchar(140),
parentfield varchar(140),
parenttype varchar(140),
index parent(parent))
			ENGINE=InnoDB
			ROW_FORMAT=DYNAMIC
			CHARACTER SET=utf8mb4
			COLLATE=utf8mb4_unicode_ci
2025-09-28 11:01:12,911 WARNING database DDL Query made to DB:
create table `tabLMS Badge Assignment` (
			name varchar(140) primary key,
			creation datetime(6),
			modified datetime(6),
			modified_by varchar(140),
			owner varchar(140),
			docstatus tinyint not null default '0',
			idx int not null default '0',
			`member` varchar(140),
`member_name` varchar(140),
`member_username` varchar(140),
`member_image` text,
`issued_on` date,
`badge` varchar(140),
`badge_image` text,
`badge_description` text,
`_user_tags` text,
`_comments` text,
`_assign` text,
`_liked_by` text,
index creation(creation))
			ENGINE=InnoDB
			ROW_FORMAT=DYNAMIC
			CHARACTER SET=utf8mb4
			COLLATE=utf8mb4_unicode_ci
2025-09-28 11:01:13,080 WARNING database DDL Query made to DB:
create table `tabLMS Course` (
			name varchar(140) primary key,
			creation datetime(6),
			modified datetime(6),
			modified_by varchar(140),
			owner varchar(140),
			docstatus tinyint not null default '0',
			idx int not null default '0',
			`title` varchar(140),
`video_link` varchar(140),
`tags` varchar(140),
`category` varchar(140),
`status` varchar(140) DEFAULT 'In Progress',
`image` text,
`card_gradient` varchar(140),
`published` tinyint(4) NOT NULL DEFAULT 0,
`published_on` date,
`upcoming` tinyint(4) NOT NULL DEFAULT 0,
`featured` tinyint(4) NOT NULL DEFAULT 0,
`disable_self_learning` tinyint(4) NOT NULL DEFAULT 0,
`short_introduction` text,
`description` longtext,
`paid_course` tinyint(4) NOT NULL DEFAULT 0,
`enable_certification` tinyint(4) NOT NULL DEFAULT 0,
`paid_certificate` tinyint(4) NOT NULL DEFAULT 0,
`evaluator` varchar(140),
`course_price` decimal(21,9) NOT NULL DEFAULT 0.0,
`currency` varchar(140),
`amount_usd` decimal(21,9) NOT NULL DEFAULT 0.0,
`enrollments` int(11) NOT NULL DEFAULT 0,
`lessons` int(11) NOT NULL DEFAULT 0,
`rating` varchar(140) DEFAULT '0',
`_user_tags` text,
`_comments` text,
`_assign` text,
`_liked_by` text,
index creation(creation))
			ENGINE=InnoDB
			ROW_FORMAT=DYNAMIC
			CHARACTER SET=utf8mb4
			COLLATE=utf8mb4_unicode_ci
2025-09-28 11:01:13,222 WARNING database DDL Query made to DB:
create table `tabLMS Quiz Submission` (
			name varchar(140) primary key,
			creation datetime(6),
			modified datetime(6),
			modified_by varchar(140),
			owner varchar(140),
			docstatus tinyint not null default '0',
			idx int not null default '0',
			`quiz` varchar(140),
`quiz_title` varchar(140),
`course` varchar(140),
`member` varchar(140),
`member_name` varchar(140),
`score` int(11) NOT NULL DEFAULT 0,
`score_out_of` int(11) NOT NULL DEFAULT 0,
`percentage` int(11) NOT NULL DEFAULT 0,
`passing_percentage` int(11) NOT NULL DEFAULT 0,
`_user_tags` text,
`_comments` text,
`_assign` text,
`_liked_by` text,
index creation(creation),
index modified(modified))
			ENGINE=InnoDB
			ROW_FORMAT=DYNAMIC
			CHARACTER SET=utf8mb4
			COLLATE=utf8mb4_unicode_ci
2025-09-28 11:01:13,360 WARNING database DDL Query made to DB:
create sequence if not exists batch_course_id_seq nocache nocycle
2025-09-28 11:01:13,392 WARNING database DDL Query made to DB:
create table `tabBatch Course` (
			name bigint primary key,
			creation datetime(6),
			modified datetime(6),
			modified_by varchar(140),
			owner varchar(140),
			docstatus tinyint not null default '0',
			idx int not null default '0',
			`course` varchar(140),
`title` varchar(140),
`evaluator` varchar(140),
parent varchar(140),
parentfield varchar(140),
parenttype varchar(140),
index parent(parent))
			ENGINE=InnoDB
			ROW_FORMAT=DYNAMIC
			CHARACTER SET=utf8mb4
			COLLATE=utf8mb4_unicode_ci
2025-09-28 11:01:13,513 WARNING database DDL Query made to DB:
create table `tabLMS Assignment Submission` (
			name varchar(140) primary key,
			creation datetime(6),
			modified datetime(6),
			modified_by varchar(140),
			owner varchar(140),
			docstatus tinyint not null default '0',
			idx int not null default '0',
			`assignment` varchar(140),
`assignment_title` varchar(140),
`type` varchar(140),
`member` varchar(140),
`member_name` varchar(140),
`evaluator` varchar(140),
`assignment_attachment` text,
`answer` longtext,
`status` varchar(140) DEFAULT 'Not Graded',
`comments` longtext,
`question` longtext,
`course` varchar(140),
`lesson` varchar(140),
`_user_tags` text,
`_comments` text,
`_assign` text,
`_liked_by` text,
index creation(creation),
index modified(modified))
			ENGINE=InnoDB
			ROW_FORMAT=DYNAMIC
			CHARACTER SET=utf8mb4
			COLLATE=utf8mb4_unicode_ci
2025-09-28 11:01:13,665 WARNING database DDL Query made to DB:
create table `tabLMS Batch Old` (
			name varchar(140) primary key,
			creation datetime(6),
			modified datetime(6),
			modified_by varchar(140),
			owner varchar(140),
			docstatus tinyint not null default '0',
			idx int not null default '0',
			`course` varchar(140),
`start_date` date,
`start_time` time(6),
`title` varchar(140),
`sessions_on` varchar(140),
`end_time` time(6),
`description` longtext,
`visibility` varchar(140) DEFAULT 'Public',
`membership` varchar(140),
`status` varchar(140) DEFAULT 'Active',
`stage` varchar(140) DEFAULT 'Ready',
`_user_tags` text,
`_comments` text,
`_assign` text,
`_liked_by` text,
index creation(creation),
index modified(modified))
			ENGINE=InnoDB
			ROW_FORMAT=DYNAMIC
			CHARACTER SET=utf8mb4
			COLLATE=utf8mb4_unicode_ci
2025-09-28 11:01:13,786 WARNING database DDL Query made to DB:
create table `tabCohort` (
			name varchar(140) primary key,
			creation datetime(6),
			modified datetime(6),
			modified_by varchar(140),
			owner varchar(140),
			docstatus tinyint not null default '0',
			idx int not null default '0',
			`course` varchar(140),
`title` varchar(140),
`slug` varchar(140) UNIQUE,
`instructor` varchar(140),
`status` varchar(140),
`begin_date` date,
`end_date` date,
`duration` varchar(140),
`description` longtext,
`_user_tags` text,
`_comments` text,
`_assign` text,
`_liked_by` text,
index creation(creation),
index modified(modified))
			ENGINE=InnoDB
			ROW_FORMAT=DYNAMIC
			CHARACTER SET=utf8mb4
			COLLATE=utf8mb4_unicode_ci
2025-09-28 11:01:13,901 WARNING database DDL Query made to DB:
create table `tabLMS Quiz Result` (
			name varchar(140) primary key,
			creation datetime(6),
			modified datetime(6),
			modified_by varchar(140),
			owner varchar(140),
			docstatus tinyint not null default '0',
			idx int not null default '0',
			`question` text,
`question_name` varchar(140),
`answer` text,
`marks` int(11) NOT NULL DEFAULT 0,
`marks_out_of` int(11) NOT NULL DEFAULT 0,
`is_correct` tinyint(4) NOT NULL DEFAULT 0,
parent varchar(140),
parentfield varchar(140),
parenttype varchar(140),
index parent(parent))
			ENGINE=InnoDB
			ROW_FORMAT=DYNAMIC
			CHARACTER SET=utf8mb4
			COLLATE=utf8mb4_unicode_ci
2025-09-28 11:01:13,998 WARNING database DDL Query made to DB:
create table `tabLMS Timetable Legend` (
			name varchar(140) primary key,
			creation datetime(6),
			modified datetime(6),
			modified_by varchar(140),
			owner varchar(140),
			docstatus tinyint not null default '0',
			idx int not null default '0',
			`reference_doctype` varchar(140),
`label` varchar(140),
`color` varchar(140),
parent varchar(140),
parentfield varchar(140),
parenttype varchar(140),
index parent(parent))
			ENGINE=InnoDB
			ROW_FORMAT=DYNAMIC
			CHARACTER SET=utf8mb4
			COLLATE=utf8mb4_unicode_ci
2025-09-28 11:01:14,115 WARNING database DDL Query made to DB:
create table `tabLMS Batch Feedback` (
			name varchar(140) primary key,
			creation datetime(6),
			modified datetime(6),
			modified_by varchar(140),
			owner varchar(140),
			docstatus tinyint not null default '0',
			idx int not null default '0',
			`member` varchar(140),
`member_name` varchar(140),
`member_image` text,
`batch` varchar(140),
`content` decimal(3,2),
`instructors` decimal(3,2),
`value` decimal(3,2),
`feedback` text,
`_user_tags` text,
`_comments` text,
`_assign` text,
`_liked_by` text,
index creation(creation))
			ENGINE=InnoDB
			ROW_FORMAT=DYNAMIC
			CHARACTER SET=utf8mb4
			COLLATE=utf8mb4_unicode_ci
2025-09-28 11:01:14,220 WARNING database DDL Query made to DB:
create table `tabLMS Video Watch Duration` (
			name varchar(140) primary key,
			creation datetime(6),
			modified datetime(6),
			modified_by varchar(140),
			owner varchar(140),
			docstatus tinyint not null default '0',
			idx int not null default '0',
			`lesson` varchar(140),
`chapter` varchar(140),
`course` varchar(140),
`member` varchar(140),
`member_name` varchar(140),
`member_image` text,
`member_username` varchar(140),
`source` varchar(140),
`watch_time` varchar(140),
`_user_tags` text,
`_comments` text,
`_assign` text,
`_liked_by` text,
index creation(creation))
			ENGINE=InnoDB
			ROW_FORMAT=DYNAMIC
			CHARACTER SET=utf8mb4
			COLLATE=utf8mb4_unicode_ci
2025-09-28 11:01:14,338 WARNING database DDL Query made to DB:
create table `tabCourse Evaluator` (
			name varchar(140) primary key,
			creation datetime(6),
			modified datetime(6),
			modified_by varchar(140),
			owner varchar(140),
			docstatus tinyint not null default '0',
			idx int not null default '0',
			`evaluator` varchar(140) UNIQUE,
`full_name` varchar(140),
`user_image` text,
`username` varchar(140),
`unavailable_from` date,
`unavailable_to` date,
`_user_tags` text,
`_comments` text,
`_assign` text,
`_liked_by` text,
index creation(creation),
index modified(modified))
			ENGINE=InnoDB
			ROW_FORMAT=DYNAMIC
			CHARACTER SET=utf8mb4
			COLLATE=utf8mb4_unicode_ci
2025-09-28 11:01:14,460 WARNING database DDL Query made to DB:
create table `tabCohort Join Request` (
			name varchar(140) primary key,
			creation datetime(6),
			modified datetime(6),
			modified_by varchar(140),
			owner varchar(140),
			docstatus tinyint not null default '0',
			idx int not null default '0',
			`cohort` varchar(140),
`email` varchar(140),
`subgroup` varchar(140),
`status` varchar(140) DEFAULT 'Pending',
`_user_tags` text,
`_comments` text,
`_assign` text,
`_liked_by` text,
index creation(creation),
index modified(modified))
			ENGINE=InnoDB
			ROW_FORMAT=DYNAMIC
			CHARACTER SET=utf8mb4
			COLLATE=utf8mb4_unicode_ci
2025-09-28 11:01:14,580 WARNING database DDL Query made to DB:
create table `tabChapter Reference` (
			name varchar(140) primary key,
			creation datetime(6),
			modified datetime(6),
			modified_by varchar(140),
			owner varchar(140),
			docstatus tinyint not null default '0',
			idx int not null default '0',
			`chapter` varchar(140),
parent varchar(140),
parentfield varchar(140),
parenttype varchar(140),
index parent(parent))
			ENGINE=InnoDB
			ROW_FORMAT=DYNAMIC
			CHARACTER SET=utf8mb4
			COLLATE=utf8mb4_unicode_ci
2025-09-28 11:01:14,735 WARNING database DDL Query made to DB:
create table `tabLMS Programming Exercise Submission` (
			name varchar(140) primary key,
			creation datetime(6),
			modified datetime(6),
			modified_by varchar(140),
			owner varchar(140),
			docstatus tinyint not null default '0',
			idx int not null default '0',
			`exercise` varchar(140),
`exercise_title` varchar(140),
`status` varchar(140),
`member` varchar(140),
`member_name` varchar(140),
`member_image` text,
`code` longtext,
`_user_tags` text,
`_comments` text,
`_assign` text,
`_liked_by` text,
index creation(creation))
			ENGINE=InnoDB
			ROW_FORMAT=DYNAMIC
			CHARACTER SET=utf8mb4
			COLLATE=utf8mb4_unicode_ci
2025-09-28 11:01:14,922 WARNING database DDL Query made to DB:
create table `tabIndustry` (
			name varchar(140) primary key,
			creation datetime(6),
			modified datetime(6),
			modified_by varchar(140),
			owner varchar(140),
			docstatus tinyint not null default '0',
			idx int not null default '0',
			`industry` varchar(140) UNIQUE,
`_user_tags` text,
`_comments` text,
`_assign` text,
`_liked_by` text,
index creation(creation),
index modified(modified))
			ENGINE=InnoDB
			ROW_FORMAT=DYNAMIC
			CHARACTER SET=utf8mb4
			COLLATE=utf8mb4_unicode_ci
2025-09-28 11:01:15,057 WARNING database DDL Query made to DB:
create table `tabCohort Staff` (
			name varchar(140) primary key,
			creation datetime(6),
			modified datetime(6),
			modified_by varchar(140),
			owner varchar(140),
			docstatus tinyint not null default '0',
			idx int not null default '0',
			`cohort` varchar(140),
`course` varchar(140),
`email` varchar(140),
`role` varchar(140),
`_user_tags` text,
`_comments` text,
`_assign` text,
`_liked_by` text,
index creation(creation),
index modified(modified))
			ENGINE=InnoDB
			ROW_FORMAT=DYNAMIC
			CHARACTER SET=utf8mb4
			COLLATE=utf8mb4_unicode_ci
2025-09-28 11:01:15,210 WARNING database DDL Query made to DB:
create table `tabCourse Lesson` (
			name varchar(140) primary key,
			creation datetime(6),
			modified datetime(6),
			modified_by varchar(140),
			owner varchar(140),
			docstatus tinyint not null default '0',
			idx int not null default '0',
			`title` varchar(140),
`include_in_preview` tinyint(4) NOT NULL DEFAULT 0,
`chapter` varchar(140),
`is_scorm_package` tinyint(4) NOT NULL DEFAULT 0,
`course` varchar(140),
`content` text,
`body` longtext,
`instructor_content` text,
`instructor_notes` longtext,
`youtube` varchar(140),
`quiz_id` varchar(140),
`question` text,
`file_type` varchar(140),
`_user_tags` text,
`_comments` text,
`_assign` text,
`_liked_by` text,
index creation(creation),
index modified(modified))
			ENGINE=InnoDB
			ROW_FORMAT=DYNAMIC
			CHARACTER SET=utf8mb4
			COLLATE=utf8mb4_unicode_ci
2025-09-28 11:01:15,355 WARNING database DDL Query made to DB:
create table `tabLMS Payment` (
			name varchar(140) primary key,
			creation datetime(6),
			modified datetime(6),
			modified_by varchar(140),
			owner varchar(140),
			docstatus tinyint not null default '0',
			idx int not null default '0',
			`member` varchar(140),
`billing_name` varchar(140),
`source` varchar(140),
`payment_for_document_type` varchar(140),
`payment_for_document` varchar(140),
`payment_received` tinyint(4) NOT NULL DEFAULT 0,
`payment_for_certificate` tinyint(4) NOT NULL DEFAULT 0,
`currency` varchar(140),
`amount` decimal(21,9) NOT NULL DEFAULT 0.0,
`amount_with_gst` decimal(21,9) NOT NULL DEFAULT 0.0,
`order_id` varchar(140),
`payment_id` varchar(140),
`address` varchar(140),
`gstin` varchar(140),
`pan` varchar(140),
`_user_tags` text,
`_comments` text,
`_assign` text,
`_liked_by` text,
index creation(creation),
index modified(modified))
			ENGINE=InnoDB
			ROW_FORMAT=DYNAMIC
			CHARACTER SET=utf8mb4
			COLLATE=utf8mb4_unicode_ci
2025-09-28 11:01:15,503 WARNING database DDL Query made to DB:
create table `tabSkills` (
			name varchar(140) primary key,
			creation datetime(6),
			modified datetime(6),
			modified_by varchar(140),
			owner varchar(140),
			docstatus tinyint not null default '0',
			idx int not null default '0',
			`skill_name` varchar(140),
parent varchar(140),
parentfield varchar(140),
parenttype varchar(140),
index parent(parent))
			ENGINE=InnoDB
			ROW_FORMAT=DYNAMIC
			CHARACTER SET=utf8mb4
			COLLATE=utf8mb4_unicode_ci
2025-09-28 11:01:15,733 WARNING database DDL Query made to DB:
create table `tabExercise Submission` (
			name varchar(140) primary key,
			creation datetime(6),
			modified datetime(6),
			modified_by varchar(140),
			owner varchar(140),
			docstatus tinyint not null default '0',
			idx int not null default '0',
			`exercise` varchar(140),
`status` varchar(140),
`batch_old` varchar(140),
`exercise_title` varchar(140),
`course` varchar(140),
`lesson` varchar(140),
`solution` longtext,
`image` longtext,
`test_results` text,
`comments` text,
`member` varchar(140),
`_user_tags` text,
`_comments` text,
`_assign` text,
`_liked_by` text,
index creation(creation),
index modified(modified))
			ENGINE=InnoDB
			ROW_FORMAT=DYNAMIC
			CHARACTER SET=utf8mb4
			COLLATE=utf8mb4_unicode_ci
2025-09-28 11:01:15,882 WARNING database DDL Query made to DB:
create table `tabPreferred Function` (
			name varchar(140) primary key,
			creation datetime(6),
			modified datetime(6),
			modified_by varchar(140),
			owner varchar(140),
			docstatus tinyint not null default '0',
			idx int not null default '0',
			`function` varchar(140),
parent varchar(140),
parentfield varchar(140),
parenttype varchar(140),
index parent(parent))
			ENGINE=InnoDB
			ROW_FORMAT=DYNAMIC
			CHARACTER SET=utf8mb4
			COLLATE=utf8mb4_unicode_ci
2025-09-28 11:01:16,001 WARNING database DDL Query made to DB:
create table `tabLMS Option` (
			name varchar(140) primary key,
			creation datetime(6),
			modified datetime(6),
			modified_by varchar(140),
			owner varchar(140),
			docstatus tinyint not null default '0',
			idx int not null default '0',
			`option` varchar(140),
`is_correct` tinyint(4) NOT NULL DEFAULT 0,
parent varchar(140),
parentfield varchar(140),
parenttype varchar(140),
index parent(parent))
			ENGINE=InnoDB
			ROW_FORMAT=DYNAMIC
			CHARACTER SET=utf8mb4
			COLLATE=utf8mb4_unicode_ci
2025-09-28 11:01:16,109 WARNING database DDL Query made to DB:
create sequence if not exists evaluator_schedule_id_seq nocache nocycle
2025-09-28 11:01:16,139 WARNING database DDL Query made to DB:
create table `tabEvaluator Schedule` (
			name bigint primary key,
			creation datetime(6),
			modified datetime(6),
			modified_by varchar(140),
			owner varchar(140),
			docstatus tinyint not null default '0',
			idx int not null default '0',
			`day` varchar(140),
`start_time` time(6),
`end_time` time(6),
parent varchar(140),
parentfield varchar(140),
parenttype varchar(140),
index parent(parent))
			ENGINE=InnoDB
			ROW_FORMAT=DYNAMIC
			CHARACTER SET=utf8mb4
			COLLATE=utf8mb4_unicode_ci
2025-09-28 11:01:16,242 WARNING database DDL Query made to DB:
create table `tabLesson Reference` (
			name varchar(140) primary key,
			creation datetime(6),
			modified datetime(6),
			modified_by varchar(140),
			owner varchar(140),
			docstatus tinyint not null default '0',
			idx int not null default '0',
			`lesson` varchar(140),
parent varchar(140),
parentfield varchar(140),
parenttype varchar(140),
index parent(parent))
			ENGINE=InnoDB
			ROW_FORMAT=DYNAMIC
			CHARACTER SET=utf8mb4
			COLLATE=utf8mb4_unicode_ci
2025-09-28 11:01:16,357 WARNING database DDL Query made to DB:
create table `tabLMS Exercise` (
			name varchar(140) primary key,
			creation datetime(6),
			modified datetime(6),
			modified_by varchar(140),
			owner varchar(140),
			docstatus tinyint not null default '0',
			idx int not null default '0',
			`title` varchar(140),
`description` text,
`code` longtext,
`answer` longtext,
`course` varchar(140),
`hints` text,
`tests` longtext,
`image` longtext,
`lesson` varchar(140),
`index_` int(11) NOT NULL DEFAULT 0,
`index_label` varchar(140),
`_user_tags` text,
`_comments` text,
`_assign` text,
`_liked_by` text,
index creation(creation))
			ENGINE=InnoDB
			ROW_FORMAT=DYNAMIC
			CHARACTER SET=utf8mb4
			COLLATE=utf8mb4_unicode_ci
2025-09-28 11:01:16,465 WARNING database DDL Query made to DB:
create table `tabRelated Courses` (
			name varchar(140) primary key,
			creation datetime(6),
			modified datetime(6),
			modified_by varchar(140),
			owner varchar(140),
			docstatus tinyint not null default '0',
			idx int not null default '0',
			`course` varchar(140),
parent varchar(140),
parentfield varchar(140),
parenttype varchar(140),
index parent(parent))
			ENGINE=InnoDB
			ROW_FORMAT=DYNAMIC
			CHARACTER SET=utf8mb4
			COLLATE=utf8mb4_unicode_ci
2025-09-28 11:01:16,641 WARNING database DDL Query made to DB:
create table `tabLMS Test Case Submission` (
			name varchar(140) primary key,
			creation datetime(6),
			modified datetime(6),
			modified_by varchar(140),
			owner varchar(140),
			docstatus tinyint not null default '0',
			idx int not null default '0',
			`input` varchar(140),
`expected_output` varchar(140),
`output` varchar(140),
`status` varchar(140),
parent varchar(140),
parentfield varchar(140),
parenttype varchar(140),
index parent(parent))
			ENGINE=InnoDB
			ROW_FORMAT=DYNAMIC
			CHARACTER SET=utf8mb4
			COLLATE=utf8mb4_unicode_ci
2025-09-28 11:01:16,786 WARNING database DDL Query made to DB:
create table `tabLMS Mentor Request` (
			name varchar(140) primary key,
			creation datetime(6),
			modified datetime(6),
			modified_by varchar(140),
			owner varchar(140),
			docstatus tinyint not null default '0',
			idx int not null default '0',
			`member` varchar(140),
`course` varchar(140),
`reviewed_by` varchar(140),
`member_name` varchar(140),
`status` varchar(140),
`comments` text,
`_user_tags` text,
`_comments` text,
`_assign` text,
`_liked_by` text,
index creation(creation),
index modified(modified))
			ENGINE=InnoDB
			ROW_FORMAT=DYNAMIC
			CHARACTER SET=utf8mb4
			COLLATE=utf8mb4_unicode_ci
2025-09-28 11:01:16,876 WARNING database DDL Query made to DB:
create table `tabLMS Source` (
			name varchar(140) primary key,
			creation datetime(6),
			modified datetime(6),
			modified_by varchar(140),
			owner varchar(140),
			docstatus tinyint not null default '0',
			idx int not null default '0',
			`source` varchar(140) UNIQUE,
`_user_tags` text,
`_comments` text,
`_assign` text,
`_liked_by` text,
index creation(creation),
index modified(modified))
			ENGINE=InnoDB
			ROW_FORMAT=DYNAMIC
			CHARACTER SET=utf8mb4
			COLLATE=utf8mb4_unicode_ci
2025-09-28 11:01:16,986 WARNING database DDL Query made to DB:
create table `tabCertification` (
			name varchar(140) primary key,
			creation datetime(6),
			modified datetime(6),
			modified_by varchar(140),
			owner varchar(140),
			docstatus tinyint not null default '0',
			idx int not null default '0',
			`certification_name` varchar(140),
`organization` varchar(140),
`description` text,
`expire` tinyint(4) NOT NULL DEFAULT 0,
`issue_date` date,
`expiration_date` varchar(140),
parent varchar(140),
parentfield varchar(140),
parenttype varchar(140),
index parent(parent))
			ENGINE=InnoDB
			ROW_FORMAT=DYNAMIC
			CHARACTER SET=utf8mb4
			COLLATE=utf8mb4_unicode_ci
2025-09-28 11:01:17,108 WARNING database DDL Query made to DB:
create table `tabLMS Question` (
			name varchar(140) primary key,
			creation datetime(6),
			modified datetime(6),
			modified_by varchar(140),
			owner varchar(140),
			docstatus tinyint not null default '0',
			idx int not null default '0',
			`question` longtext,
`type` varchar(140),
`multiple` tinyint(4) NOT NULL DEFAULT 0,
`option_1` text,
`is_correct_1` tinyint(4) NOT NULL DEFAULT 0,
`explanation_1` text,
`option_2` text,
`is_correct_2` tinyint(4) NOT NULL DEFAULT 0,
`explanation_2` text,
`option_3` text,
`is_correct_3` tinyint(4) NOT NULL DEFAULT 0,
`explanation_3` text,
`option_4` text,
`is_correct_4` tinyint(4) NOT NULL DEFAULT 0,
`explanation_4` text,
`possibility_1` text,
`possibility_3` text,
`possibility_2` text,
`possibility_4` text,
`_user_tags` text,
`_comments` text,
`_assign` text,
`_liked_by` text,
index creation(creation),
index modified(modified))
			ENGINE=InnoDB
			ROW_FORMAT=DYNAMIC
			CHARACTER SET=utf8mb4
			COLLATE=utf8mb4_unicode_ci
2025-09-28 11:01:17,246 WARNING database DDL Query made to DB:
create table `tabLMS Live Class Participant` (
			name varchar(140) primary key,
			creation datetime(6),
			modified datetime(6),
			modified_by varchar(140),
			owner varchar(140),
			docstatus tinyint not null default '0',
			idx int not null default '0',
			`live_class` varchar(140),
`joined_at` datetime(6),
`duration` int(11) NOT NULL DEFAULT 0,
`left_at` datetime(6),
`member` varchar(140),
`member_name` varchar(140),
`member_image` text,
`member_username` varchar(140),
`_user_tags` text,
`_comments` text,
`_assign` text,
`_liked_by` text,
index creation(creation))
			ENGINE=InnoDB
			ROW_FORMAT=DYNAMIC
			CHARACTER SET=utf8mb4
			COLLATE=utf8mb4_unicode_ci
2025-09-28 11:01:17,366 WARNING database DDL Query made to DB:
create table `tabCohort Subgroup` (
			name varchar(140) primary key,
			creation datetime(6),
			modified datetime(6),
			modified_by varchar(140),
			owner varchar(140),
			docstatus tinyint not null default '0',
			idx int not null default '0',
			`cohort` varchar(140),
`slug` varchar(140),
`title` varchar(140),
`invite_code` varchar(140),
`course` varchar(140),
`description` longtext,
`_user_tags` text,
`_comments` text,
`_assign` text,
`_liked_by` text,
index creation(creation),
index modified(modified))
			ENGINE=InnoDB
			ROW_FORMAT=DYNAMIC
			CHARACTER SET=utf8mb4
			COLLATE=utf8mb4_unicode_ci
2025-09-28 11:01:17,498 WARNING database DDL Query made to DB:
create table `tabLMS Quiz` (
			name varchar(140) primary key,
			creation datetime(6),
			modified datetime(6),
			modified_by varchar(140),
			owner varchar(140),
			docstatus tinyint not null default '0',
			idx int not null default '0',
			`title` varchar(140) UNIQUE,
`max_attempts` int(11) NOT NULL DEFAULT 0,
`show_answers` tinyint(4) NOT NULL DEFAULT 1,
`show_submission_history` tinyint(4) NOT NULL DEFAULT 0,
`total_marks` int(11) NOT NULL DEFAULT 0,
`passing_percentage` int(11) NOT NULL DEFAULT 0,
`duration` varchar(140),
`shuffle_questions` tinyint(4) NOT NULL DEFAULT 0,
`limit_questions_to` int(11) NOT NULL DEFAULT 0,
`enable_negative_marking` tinyint(4) NOT NULL DEFAULT 0,
`marks_to_cut` int(11) NOT NULL DEFAULT 1,
`lesson` varchar(140),
`course` varchar(140),
`_user_tags` text,
`_comments` text,
`_assign` text,
`_liked_by` text,
index creation(creation),
index modified(modified))
			ENGINE=InnoDB
			ROW_FORMAT=DYNAMIC
			CHARACTER SET=utf8mb4
			COLLATE=utf8mb4_unicode_ci
2025-09-28 11:01:17,937 WARNING database DDL Query made to DB:
create table `tabLMS Job Application` (
			name varchar(140) primary key,
			creation datetime(6),
			modified datetime(6),
			modified_by varchar(140),
			owner varchar(140),
			docstatus tinyint not null default '0',
			idx int not null default '0',
			`user` varchar(140),
`resume` text,
`job` varchar(140),
`job_title` varchar(140),
`company` varchar(140),
`_user_tags` text,
`_comments` text,
`_assign` text,
`_liked_by` text,
index creation(creation),
index modified(modified))
			ENGINE=InnoDB
			ROW_FORMAT=DYNAMIC
			CHARACTER SET=utf8mb4
			COLLATE=utf8mb4_unicode_ci
2025-09-28 11:01:18,062 WARNING database DDL Query made to DB:
create table `tabJob Opportunity` (
			name varchar(140) primary key,
			creation datetime(6),
			modified datetime(6),
			modified_by varchar(140),
			owner varchar(140),
			docstatus tinyint not null default '0',
			idx int not null default '0',
			`job_title` varchar(140),
`location` varchar(140),
`country` varchar(140),
`type` varchar(140) DEFAULT 'Full Time',
`work_mode` varchar(140),
`status` varchar(140) DEFAULT 'Open',
`disabled` tinyint(4) NOT NULL DEFAULT 0,
`company_name` varchar(140),
`company_website` varchar(140),
`company_logo` text,
`company_email_address` varchar(140),
`description` longtext,
`_user_tags` text,
`_comments` text,
`_assign` text,
`_liked_by` text,
index creation(creation),
index modified(modified))
			ENGINE=InnoDB
			ROW_FORMAT=DYNAMIC
			CHARACTER SET=utf8mb4
			COLLATE=utf8mb4_unicode_ci
2025-09-28 11:01:21,796 WARNING database DDL Query made to DB:
ALTER TABLE `tabUser` ADD COLUMN `country` varchar(140)
2025-09-28 11:01:21,964 WARNING database DDL Query made to DB:
ALTER TABLE `tabUser` ADD COLUMN `verify_terms` tinyint(4) NOT NULL DEFAULT 0
2025-09-28 11:01:22,122 WARNING database DDL Query made to DB:
ALTER TABLE `tabUser` ADD COLUMN `user_category` varchar(140)
2025-09-28 11:01:22,279 WARNING database DDL Query made to DB:
ALTER TABLE `tabUser` ADD COLUMN `cover_image` text
2025-09-28 11:01:22,455 WARNING database DDL Query made to DB:
ALTER TABLE `tabUser` ADD COLUMN `looking_for_job` tinyint(4) NOT NULL DEFAULT 0
2025-09-28 11:01:22,604 WARNING database DDL Query made to DB:
ALTER TABLE `tabUser` ADD COLUMN `linkedin` varchar(140)
2025-09-28 11:01:22,770 WARNING database DDL Query made to DB:
ALTER TABLE `tabUser` ADD COLUMN `github` varchar(140)
2025-09-28 11:01:22,940 WARNING database DDL Query made to DB:
ALTER TABLE `tabUser` ADD COLUMN `medium` varchar(140)
2025-09-28 11:01:23,102 WARNING database DDL Query made to DB:
ALTER TABLE `tabUser` ADD COLUMN `profession` varchar(140)
2025-09-28 11:01:23,259 WARNING database DDL Query made to DB:
ALTER TABLE `tabUser` ADD COLUMN `hide_private` tinyint(4) NOT NULL DEFAULT 0
2025-09-28 11:01:24,437 WARNING database DDL Query made to DB:
ALTER TABLE `tabUser` ADD COLUMN `preferred_location` varchar(140)
2025-09-28 11:01:24,813 WARNING database DDL Query made to DB:
ALTER TABLE `tabUser` ADD COLUMN `dream_companies` varchar(140)
2025-09-28 11:01:25,081 WARNING database DDL Query made to DB:
ALTER TABLE `tabUser` ADD COLUMN `attire` varchar(140)
2025-09-28 11:01:25,267 WARNING database DDL Query made to DB:
ALTER TABLE `tabUser` ADD COLUMN `collaboration` varchar(140)
2025-09-28 11:01:25,416 WARNING database DDL Query made to DB:
ALTER TABLE `tabUser` ADD COLUMN `role` varchar(140)
2025-09-28 11:01:25,657 WARNING database DDL Query made to DB:
ALTER TABLE `tabUser` ADD COLUMN `location_preference` varchar(140)
2025-09-28 11:01:25,821 WARNING database DDL Query made to DB:
ALTER TABLE `tabUser` ADD COLUMN `time` varchar(140)
2025-09-28 11:01:25,993 WARNING database DDL Query made to DB:
ALTER TABLE `tabUser` ADD COLUMN `company_type` varchar(140)
2025-09-28 11:01:26,149 WARNING database DDL Query made to DB:
ALTER TABLE `tabUser` ADD COLUMN `headline` varchar(140)
2025-09-28 11:01:26,321 WARNING database DDL Query made to DB:
ALTER TABLE `tabUser` ADD COLUMN `city` varchar(140)
2025-09-28 11:01:26,493 WARNING database DDL Query made to DB:
ALTER TABLE `tabUser` ADD COLUMN `college` varchar(140)
2025-09-28 11:01:26,671 WARNING database DDL Query made to DB:
ALTER TABLE `tabUser` ADD COLUMN `branch` varchar(140)
