2025-09-28 01:18:36,799 ERROR frappe Unable to load translations
Site: education.localhost
Form Dict: {}
Traceback (most recent call last):
  File "/Users/user/Documents/resturantOS/frappe-bench/apps/frappe/frappe/app.py", line 102, in application
    init_request(request)
  File "/Users/user/Documents/resturantOS/frappe-bench/apps/frappe/frappe/app.py", line 178, in init_request
    frappe.init(site, sites_path=_sites_path, force=True)
  File "/Users/user/Documents/resturantOS/frappe-bench/apps/frappe/frappe/__init__.py", line 208, in init
    setup_module_map(include_all_apps=not (frappe.request or frappe.job or frappe.flags.in_migrate))
  File "/Users/user/Documents/resturantOS/frappe-bench/apps/frappe/frappe/__init__.py", line 1040, in setup_module_map
    for module in get_module_list(app):
                  ^^^^^^^^^^^^^^^^^^^^
  File "/Users/user/Documents/resturantOS/frappe-bench/apps/frappe/frappe/__init__.py", line 881, in get_module_list
    return get_file_items(get_app_path(app_name, "modules.txt"))
                          ^^^^^^^^^^^^^^^^^^^^^^^^^^^^^^^^^^^^^
  File "/Users/user/Documents/resturantOS/frappe-bench/apps/frappe/frappe/__init__.py", line 846, in get_app_path
    return get_pymodule_path(app_name, *joins)
           ^^^^^^^^^^^^^^^^^^^^^^^^^^^^^^^^^^^
  File "/Users/user/Documents/resturantOS/frappe-bench/apps/frappe/frappe/__init__.py", line 876, in get_pymodule_path
    return abspath(join(dirname(get_module(scrub(modulename)).__file__ or ""), *joins))
                                ^^^^^^^^^^^^^^^^^^^^^^^^^^^^^
  File "/Users/user/Documents/resturantOS/frappe-bench/apps/frappe/frappe/__init__.py", line 817, in get_module
    return importlib.import_module(modulename)
           ^^^^^^^^^^^^^^^^^^^^^^^^^^^^^^^^^^^
  File "/usr/local/Cellar/python@3.12/3.12.11_1/Frameworks/Python.framework/Versions/3.12/lib/python3.12/importlib/__init__.py", line 90, in import_module
    return _bootstrap._gcd_import(name[level:], package, level)
           ^^^^^^^^^^^^^^^^^^^^^^^^^^^^^^^^^^^^^^^^^^^^^^^^^^^^
  File "<frozen importlib._bootstrap>", line 1387, in _gcd_import
  File "<frozen importlib._bootstrap>", line 1360, in _find_and_load
  File "<frozen importlib._bootstrap>", line 1324, in _find_and_load_unlocked
ModuleNotFoundError: No module named 'education'

During handling of the above exception, another exception occurred:

Traceback (most recent call last):
  File "/Users/user/Documents/resturantOS/frappe-bench/apps/frappe/frappe/translate.py", line 174, in get_all_translations
    return frappe.cache.hget(MERGED_TRANSLATION_KEY, lang, generator=_merge_translations)
           ^^^^^^^^^^^^^^^^^^^^^^^^^^^^^^^^^^^^^^^^^^^^^^^^^^^^^^^^^^^^^^^^^^^^^^^^^^^^^^
  File "/Users/user/Documents/resturantOS/frappe-bench/apps/frappe/frappe/utils/redis_wrapper.py", line 253, in hget
    value = generator()
            ^^^^^^^^^^^
  File "/Users/user/Documents/resturantOS/frappe-bench/apps/frappe/frappe/translate.py", line 162, in _merge_translations
    all_translations.update(get_translations_from_apps(lang))
                            ^^^^^^^^^^^^^^^^^^^^^^^^^^^^^^^^
  File "/Users/user/Documents/resturantOS/frappe-bench/apps/frappe/frappe/translate.py", line 190, in get_translations_from_apps
    translations.update(get_translations_from_csv(lang, app) or {})
                        ^^^^^^^^^^^^^^^^^^^^^^^^^^^^^^^^^^^^
  File "/Users/user/Documents/resturantOS/frappe-bench/apps/frappe/frappe/translate.py", line 202, in get_translations_from_csv
    os.path.join(frappe.get_app_path(app, "translations"), lang + ".csv"), lang, app
                 ^^^^^^^^^^^^^^^^^^^^^^^^^^^^^^^^^^^^^^^^
  File "/Users/user/Documents/resturantOS/frappe-bench/apps/frappe/frappe/__init__.py", line 846, in get_app_path
    return get_pymodule_path(app_name, *joins)
           ^^^^^^^^^^^^^^^^^^^^^^^^^^^^^^^^^^^
  File "/Users/user/Documents/resturantOS/frappe-bench/apps/frappe/frappe/__init__.py", line 876, in get_pymodule_path
    return abspath(join(dirname(get_module(scrub(modulename)).__file__ or ""), *joins))
                                ^^^^^^^^^^^^^^^^^^^^^^^^^^^^^
  File "/Users/user/Documents/resturantOS/frappe-bench/apps/frappe/frappe/__init__.py", line 817, in get_module
    return importlib.import_module(modulename)
           ^^^^^^^^^^^^^^^^^^^^^^^^^^^^^^^^^^^
  File "/usr/local/Cellar/python@3.12/3.12.11_1/Frameworks/Python.framework/Versions/3.12/lib/python3.12/importlib/__init__.py", line 90, in import_module
    return _bootstrap._gcd_import(name[level:], package, level)
           ^^^^^^^^^^^^^^^^^^^^^^^^^^^^^^^^^^^^^^^^^^^^^^^^^^^^
  File "<frozen importlib._bootstrap>", line 1387, in _gcd_import
  File "<frozen importlib._bootstrap>", line 1360, in _find_and_load
  File "<frozen importlib._bootstrap>", line 1324, in _find_and_load_unlocked
ModuleNotFoundError: No module named 'education'
2025-09-28 01:18:36,818 ERROR frappe Unable to load translations
Site: education.localhost
Form Dict: {}
Traceback (most recent call last):
  File "/Users/user/Documents/resturantOS/frappe-bench/apps/frappe/frappe/app.py", line 102, in application
    init_request(request)
  File "/Users/user/Documents/resturantOS/frappe-bench/apps/frappe/frappe/app.py", line 178, in init_request
    frappe.init(site, sites_path=_sites_path, force=True)
  File "/Users/user/Documents/resturantOS/frappe-bench/apps/frappe/frappe/__init__.py", line 208, in init
    setup_module_map(include_all_apps=not (frappe.request or frappe.job or frappe.flags.in_migrate))
  File "/Users/user/Documents/resturantOS/frappe-bench/apps/frappe/frappe/__init__.py", line 1040, in setup_module_map
    for module in get_module_list(app):
                  ^^^^^^^^^^^^^^^^^^^^
  File "/Users/user/Documents/resturantOS/frappe-bench/apps/frappe/frappe/__init__.py", line 881, in get_module_list
    return get_file_items(get_app_path(app_name, "modules.txt"))
                          ^^^^^^^^^^^^^^^^^^^^^^^^^^^^^^^^^^^^^
  File "/Users/user/Documents/resturantOS/frappe-bench/apps/frappe/frappe/__init__.py", line 846, in get_app_path
    return get_pymodule_path(app_name, *joins)
           ^^^^^^^^^^^^^^^^^^^^^^^^^^^^^^^^^^^
  File "/Users/user/Documents/resturantOS/frappe-bench/apps/frappe/frappe/__init__.py", line 876, in get_pymodule_path
    return abspath(join(dirname(get_module(scrub(modulename)).__file__ or ""), *joins))
                                ^^^^^^^^^^^^^^^^^^^^^^^^^^^^^
  File "/Users/user/Documents/resturantOS/frappe-bench/apps/frappe/frappe/__init__.py", line 817, in get_module
    return importlib.import_module(modulename)
           ^^^^^^^^^^^^^^^^^^^^^^^^^^^^^^^^^^^
  File "/usr/local/Cellar/python@3.12/3.12.11_1/Frameworks/Python.framework/Versions/3.12/lib/python3.12/importlib/__init__.py", line 90, in import_module
    return _bootstrap._gcd_import(name[level:], package, level)
           ^^^^^^^^^^^^^^^^^^^^^^^^^^^^^^^^^^^^^^^^^^^^^^^^^^^^
  File "<frozen importlib._bootstrap>", line 1387, in _gcd_import
  File "<frozen importlib._bootstrap>", line 1360, in _find_and_load
  File "<frozen importlib._bootstrap>", line 1324, in _find_and_load_unlocked
ModuleNotFoundError: No module named 'education'

During handling of the above exception, another exception occurred:

Traceback (most recent call last):
  File "/Users/user/Documents/resturantOS/frappe-bench/apps/frappe/frappe/translate.py", line 174, in get_all_translations
    return frappe.cache.hget(MERGED_TRANSLATION_KEY, lang, generator=_merge_translations)
           ^^^^^^^^^^^^^^^^^^^^^^^^^^^^^^^^^^^^^^^^^^^^^^^^^^^^^^^^^^^^^^^^^^^^^^^^^^^^^^
  File "/Users/user/Documents/resturantOS/frappe-bench/apps/frappe/frappe/utils/redis_wrapper.py", line 253, in hget
    value = generator()
            ^^^^^^^^^^^
  File "/Users/user/Documents/resturantOS/frappe-bench/apps/frappe/frappe/translate.py", line 162, in _merge_translations
    all_translations.update(get_translations_from_apps(lang))
                            ^^^^^^^^^^^^^^^^^^^^^^^^^^^^^^^^
  File "/Users/user/Documents/resturantOS/frappe-bench/apps/frappe/frappe/translate.py", line 190, in get_translations_from_apps
    translations.update(get_translations_from_csv(lang, app) or {})
                        ^^^^^^^^^^^^^^^^^^^^^^^^^^^^^^^^^^^^
  File "/Users/user/Documents/resturantOS/frappe-bench/apps/frappe/frappe/translate.py", line 202, in get_translations_from_csv
    os.path.join(frappe.get_app_path(app, "translations"), lang + ".csv"), lang, app
                 ^^^^^^^^^^^^^^^^^^^^^^^^^^^^^^^^^^^^^^^^
  File "/Users/user/Documents/resturantOS/frappe-bench/apps/frappe/frappe/__init__.py", line 846, in get_app_path
    return get_pymodule_path(app_name, *joins)
           ^^^^^^^^^^^^^^^^^^^^^^^^^^^^^^^^^^^
  File "/Users/user/Documents/resturantOS/frappe-bench/apps/frappe/frappe/__init__.py", line 876, in get_pymodule_path
    return abspath(join(dirname(get_module(scrub(modulename)).__file__ or ""), *joins))
                                ^^^^^^^^^^^^^^^^^^^^^^^^^^^^^
  File "/Users/user/Documents/resturantOS/frappe-bench/apps/frappe/frappe/__init__.py", line 817, in get_module
    return importlib.import_module(modulename)
           ^^^^^^^^^^^^^^^^^^^^^^^^^^^^^^^^^^^
  File "/usr/local/Cellar/python@3.12/3.12.11_1/Frameworks/Python.framework/Versions/3.12/lib/python3.12/importlib/__init__.py", line 90, in import_module
    return _bootstrap._gcd_import(name[level:], package, level)
           ^^^^^^^^^^^^^^^^^^^^^^^^^^^^^^^^^^^^^^^^^^^^^^^^^^^^
  File "<frozen importlib._bootstrap>", line 1387, in _gcd_import
  File "<frozen importlib._bootstrap>", line 1360, in _find_and_load
  File "<frozen importlib._bootstrap>", line 1324, in _find_and_load_unlocked
ModuleNotFoundError: No module named 'education'
2025-09-28 01:18:39,982 ERROR frappe Unable to load translations
Site: education.localhost
Form Dict: {}
Traceback (most recent call last):
  File "/Users/user/Documents/resturantOS/frappe-bench/apps/frappe/frappe/app.py", line 102, in application
    init_request(request)
  File "/Users/user/Documents/resturantOS/frappe-bench/apps/frappe/frappe/app.py", line 178, in init_request
    frappe.init(site, sites_path=_sites_path, force=True)
  File "/Users/user/Documents/resturantOS/frappe-bench/apps/frappe/frappe/__init__.py", line 208, in init
    setup_module_map(include_all_apps=not (frappe.request or frappe.job or frappe.flags.in_migrate))
  File "/Users/user/Documents/resturantOS/frappe-bench/apps/frappe/frappe/__init__.py", line 1040, in setup_module_map
    for module in get_module_list(app):
                  ^^^^^^^^^^^^^^^^^^^^
  File "/Users/user/Documents/resturantOS/frappe-bench/apps/frappe/frappe/__init__.py", line 881, in get_module_list
    return get_file_items(get_app_path(app_name, "modules.txt"))
                          ^^^^^^^^^^^^^^^^^^^^^^^^^^^^^^^^^^^^^
  File "/Users/user/Documents/resturantOS/frappe-bench/apps/frappe/frappe/__init__.py", line 846, in get_app_path
    return get_pymodule_path(app_name, *joins)
           ^^^^^^^^^^^^^^^^^^^^^^^^^^^^^^^^^^^
  File "/Users/user/Documents/resturantOS/frappe-bench/apps/frappe/frappe/__init__.py", line 876, in get_pymodule_path
    return abspath(join(dirname(get_module(scrub(modulename)).__file__ or ""), *joins))
                                ^^^^^^^^^^^^^^^^^^^^^^^^^^^^^
  File "/Users/user/Documents/resturantOS/frappe-bench/apps/frappe/frappe/__init__.py", line 817, in get_module
    return importlib.import_module(modulename)
           ^^^^^^^^^^^^^^^^^^^^^^^^^^^^^^^^^^^
  File "/usr/local/Cellar/python@3.12/3.12.11_1/Frameworks/Python.framework/Versions/3.12/lib/python3.12/importlib/__init__.py", line 90, in import_module
    return _bootstrap._gcd_import(name[level:], package, level)
           ^^^^^^^^^^^^^^^^^^^^^^^^^^^^^^^^^^^^^^^^^^^^^^^^^^^^
  File "<frozen importlib._bootstrap>", line 1387, in _gcd_import
  File "<frozen importlib._bootstrap>", line 1360, in _find_and_load
  File "<frozen importlib._bootstrap>", line 1324, in _find_and_load_unlocked
ModuleNotFoundError: No module named 'education'

During handling of the above exception, another exception occurred:

Traceback (most recent call last):
  File "/Users/user/Documents/resturantOS/frappe-bench/apps/frappe/frappe/translate.py", line 174, in get_all_translations
    return frappe.cache.hget(MERGED_TRANSLATION_KEY, lang, generator=_merge_translations)
           ^^^^^^^^^^^^^^^^^^^^^^^^^^^^^^^^^^^^^^^^^^^^^^^^^^^^^^^^^^^^^^^^^^^^^^^^^^^^^^
  File "/Users/user/Documents/resturantOS/frappe-bench/apps/frappe/frappe/utils/redis_wrapper.py", line 253, in hget
    value = generator()
            ^^^^^^^^^^^
  File "/Users/user/Documents/resturantOS/frappe-bench/apps/frappe/frappe/translate.py", line 162, in _merge_translations
    all_translations.update(get_translations_from_apps(lang))
                            ^^^^^^^^^^^^^^^^^^^^^^^^^^^^^^^^
  File "/Users/user/Documents/resturantOS/frappe-bench/apps/frappe/frappe/translate.py", line 190, in get_translations_from_apps
    translations.update(get_translations_from_csv(lang, app) or {})
                        ^^^^^^^^^^^^^^^^^^^^^^^^^^^^^^^^^^^^
  File "/Users/user/Documents/resturantOS/frappe-bench/apps/frappe/frappe/translate.py", line 202, in get_translations_from_csv
    os.path.join(frappe.get_app_path(app, "translations"), lang + ".csv"), lang, app
                 ^^^^^^^^^^^^^^^^^^^^^^^^^^^^^^^^^^^^^^^^
  File "/Users/user/Documents/resturantOS/frappe-bench/apps/frappe/frappe/__init__.py", line 846, in get_app_path
    return get_pymodule_path(app_name, *joins)
           ^^^^^^^^^^^^^^^^^^^^^^^^^^^^^^^^^^^
  File "/Users/user/Documents/resturantOS/frappe-bench/apps/frappe/frappe/__init__.py", line 876, in get_pymodule_path
    return abspath(join(dirname(get_module(scrub(modulename)).__file__ or ""), *joins))
                                ^^^^^^^^^^^^^^^^^^^^^^^^^^^^^
  File "/Users/user/Documents/resturantOS/frappe-bench/apps/frappe/frappe/__init__.py", line 817, in get_module
    return importlib.import_module(modulename)
           ^^^^^^^^^^^^^^^^^^^^^^^^^^^^^^^^^^^
  File "/usr/local/Cellar/python@3.12/3.12.11_1/Frameworks/Python.framework/Versions/3.12/lib/python3.12/importlib/__init__.py", line 90, in import_module
    return _bootstrap._gcd_import(name[level:], package, level)
           ^^^^^^^^^^^^^^^^^^^^^^^^^^^^^^^^^^^^^^^^^^^^^^^^^^^^
  File "<frozen importlib._bootstrap>", line 1387, in _gcd_import
  File "<frozen importlib._bootstrap>", line 1360, in _find_and_load
  File "<frozen importlib._bootstrap>", line 1324, in _find_and_load_unlocked
ModuleNotFoundError: No module named 'education'
2025-09-28 01:18:39,985 ERROR frappe Unable to load translations
Site: education.localhost
Form Dict: {}
Traceback (most recent call last):
  File "/Users/user/Documents/resturantOS/frappe-bench/apps/frappe/frappe/app.py", line 102, in application
    init_request(request)
  File "/Users/user/Documents/resturantOS/frappe-bench/apps/frappe/frappe/app.py", line 178, in init_request
    frappe.init(site, sites_path=_sites_path, force=True)
  File "/Users/user/Documents/resturantOS/frappe-bench/apps/frappe/frappe/__init__.py", line 208, in init
    setup_module_map(include_all_apps=not (frappe.request or frappe.job or frappe.flags.in_migrate))
  File "/Users/user/Documents/resturantOS/frappe-bench/apps/frappe/frappe/__init__.py", line 1040, in setup_module_map
    for module in get_module_list(app):
                  ^^^^^^^^^^^^^^^^^^^^
  File "/Users/user/Documents/resturantOS/frappe-bench/apps/frappe/frappe/__init__.py", line 881, in get_module_list
    return get_file_items(get_app_path(app_name, "modules.txt"))
                          ^^^^^^^^^^^^^^^^^^^^^^^^^^^^^^^^^^^^^
  File "/Users/user/Documents/resturantOS/frappe-bench/apps/frappe/frappe/__init__.py", line 846, in get_app_path
    return get_pymodule_path(app_name, *joins)
           ^^^^^^^^^^^^^^^^^^^^^^^^^^^^^^^^^^^
  File "/Users/user/Documents/resturantOS/frappe-bench/apps/frappe/frappe/__init__.py", line 876, in get_pymodule_path
    return abspath(join(dirname(get_module(scrub(modulename)).__file__ or ""), *joins))
                                ^^^^^^^^^^^^^^^^^^^^^^^^^^^^^
  File "/Users/user/Documents/resturantOS/frappe-bench/apps/frappe/frappe/__init__.py", line 817, in get_module
    return importlib.import_module(modulename)
           ^^^^^^^^^^^^^^^^^^^^^^^^^^^^^^^^^^^
  File "/usr/local/Cellar/python@3.12/3.12.11_1/Frameworks/Python.framework/Versions/3.12/lib/python3.12/importlib/__init__.py", line 90, in import_module
    return _bootstrap._gcd_import(name[level:], package, level)
           ^^^^^^^^^^^^^^^^^^^^^^^^^^^^^^^^^^^^^^^^^^^^^^^^^^^^
  File "<frozen importlib._bootstrap>", line 1387, in _gcd_import
  File "<frozen importlib._bootstrap>", line 1360, in _find_and_load
  File "<frozen importlib._bootstrap>", line 1324, in _find_and_load_unlocked
ModuleNotFoundError: No module named 'education'

During handling of the above exception, another exception occurred:

Traceback (most recent call last):
  File "/Users/user/Documents/resturantOS/frappe-bench/apps/frappe/frappe/translate.py", line 174, in get_all_translations
    return frappe.cache.hget(MERGED_TRANSLATION_KEY, lang, generator=_merge_translations)
           ^^^^^^^^^^^^^^^^^^^^^^^^^^^^^^^^^^^^^^^^^^^^^^^^^^^^^^^^^^^^^^^^^^^^^^^^^^^^^^
  File "/Users/user/Documents/resturantOS/frappe-bench/apps/frappe/frappe/utils/redis_wrapper.py", line 253, in hget
    value = generator()
            ^^^^^^^^^^^
  File "/Users/user/Documents/resturantOS/frappe-bench/apps/frappe/frappe/translate.py", line 162, in _merge_translations
    all_translations.update(get_translations_from_apps(lang))
                            ^^^^^^^^^^^^^^^^^^^^^^^^^^^^^^^^
  File "/Users/user/Documents/resturantOS/frappe-bench/apps/frappe/frappe/translate.py", line 190, in get_translations_from_apps
    translations.update(get_translations_from_csv(lang, app) or {})
                        ^^^^^^^^^^^^^^^^^^^^^^^^^^^^^^^^^^^^
  File "/Users/user/Documents/resturantOS/frappe-bench/apps/frappe/frappe/translate.py", line 202, in get_translations_from_csv
    os.path.join(frappe.get_app_path(app, "translations"), lang + ".csv"), lang, app
                 ^^^^^^^^^^^^^^^^^^^^^^^^^^^^^^^^^^^^^^^^
  File "/Users/user/Documents/resturantOS/frappe-bench/apps/frappe/frappe/__init__.py", line 846, in get_app_path
    return get_pymodule_path(app_name, *joins)
           ^^^^^^^^^^^^^^^^^^^^^^^^^^^^^^^^^^^
  File "/Users/user/Documents/resturantOS/frappe-bench/apps/frappe/frappe/__init__.py", line 876, in get_pymodule_path
    return abspath(join(dirname(get_module(scrub(modulename)).__file__ or ""), *joins))
                                ^^^^^^^^^^^^^^^^^^^^^^^^^^^^^
  File "/Users/user/Documents/resturantOS/frappe-bench/apps/frappe/frappe/__init__.py", line 817, in get_module
    return importlib.import_module(modulename)
           ^^^^^^^^^^^^^^^^^^^^^^^^^^^^^^^^^^^
  File "/usr/local/Cellar/python@3.12/3.12.11_1/Frameworks/Python.framework/Versions/3.12/lib/python3.12/importlib/__init__.py", line 90, in import_module
    return _bootstrap._gcd_import(name[level:], package, level)
           ^^^^^^^^^^^^^^^^^^^^^^^^^^^^^^^^^^^^^^^^^^^^^^^^^^^^
  File "<frozen importlib._bootstrap>", line 1387, in _gcd_import
  File "<frozen importlib._bootstrap>", line 1360, in _find_and_load
  File "<frozen importlib._bootstrap>", line 1324, in _find_and_load_unlocked
ModuleNotFoundError: No module named 'education'
2025-09-28 01:19:55,670 ERROR frappe Unable to load translations
Site: education.localhost
Form Dict: {}
Traceback (most recent call last):
  File "/Users/user/Documents/resturantOS/frappe-bench/apps/frappe/frappe/app.py", line 102, in application
    init_request(request)
  File "/Users/user/Documents/resturantOS/frappe-bench/apps/frappe/frappe/app.py", line 178, in init_request
    frappe.init(site, sites_path=_sites_path, force=True)
  File "/Users/user/Documents/resturantOS/frappe-bench/apps/frappe/frappe/__init__.py", line 208, in init
    setup_module_map(include_all_apps=not (frappe.request or frappe.job or frappe.flags.in_migrate))
  File "/Users/user/Documents/resturantOS/frappe-bench/apps/frappe/frappe/__init__.py", line 1040, in setup_module_map
    for module in get_module_list(app):
                  ^^^^^^^^^^^^^^^^^^^^
  File "/Users/user/Documents/resturantOS/frappe-bench/apps/frappe/frappe/__init__.py", line 881, in get_module_list
    return get_file_items(get_app_path(app_name, "modules.txt"))
                          ^^^^^^^^^^^^^^^^^^^^^^^^^^^^^^^^^^^^^
  File "/Users/user/Documents/resturantOS/frappe-bench/apps/frappe/frappe/__init__.py", line 846, in get_app_path
    return get_pymodule_path(app_name, *joins)
           ^^^^^^^^^^^^^^^^^^^^^^^^^^^^^^^^^^^
  File "/Users/user/Documents/resturantOS/frappe-bench/apps/frappe/frappe/__init__.py", line 876, in get_pymodule_path
    return abspath(join(dirname(get_module(scrub(modulename)).__file__ or ""), *joins))
                                ^^^^^^^^^^^^^^^^^^^^^^^^^^^^^
  File "/Users/user/Documents/resturantOS/frappe-bench/apps/frappe/frappe/__init__.py", line 817, in get_module
    return importlib.import_module(modulename)
           ^^^^^^^^^^^^^^^^^^^^^^^^^^^^^^^^^^^
  File "/usr/local/Cellar/python@3.12/3.12.11_1/Frameworks/Python.framework/Versions/3.12/lib/python3.12/importlib/__init__.py", line 90, in import_module
    return _bootstrap._gcd_import(name[level:], package, level)
           ^^^^^^^^^^^^^^^^^^^^^^^^^^^^^^^^^^^^^^^^^^^^^^^^^^^^
  File "<frozen importlib._bootstrap>", line 1387, in _gcd_import
  File "<frozen importlib._bootstrap>", line 1360, in _find_and_load
  File "<frozen importlib._bootstrap>", line 1324, in _find_and_load_unlocked
ModuleNotFoundError: No module named 'education'

During handling of the above exception, another exception occurred:

Traceback (most recent call last):
  File "/Users/user/Documents/resturantOS/frappe-bench/apps/frappe/frappe/translate.py", line 174, in get_all_translations
    return frappe.cache.hget(MERGED_TRANSLATION_KEY, lang, generator=_merge_translations)
           ^^^^^^^^^^^^^^^^^^^^^^^^^^^^^^^^^^^^^^^^^^^^^^^^^^^^^^^^^^^^^^^^^^^^^^^^^^^^^^
  File "/Users/user/Documents/resturantOS/frappe-bench/apps/frappe/frappe/utils/redis_wrapper.py", line 253, in hget
    value = generator()
            ^^^^^^^^^^^
  File "/Users/user/Documents/resturantOS/frappe-bench/apps/frappe/frappe/translate.py", line 162, in _merge_translations
    all_translations.update(get_translations_from_apps(lang))
                            ^^^^^^^^^^^^^^^^^^^^^^^^^^^^^^^^
  File "/Users/user/Documents/resturantOS/frappe-bench/apps/frappe/frappe/translate.py", line 190, in get_translations_from_apps
    translations.update(get_translations_from_csv(lang, app) or {})
                        ^^^^^^^^^^^^^^^^^^^^^^^^^^^^^^^^^^^^
  File "/Users/user/Documents/resturantOS/frappe-bench/apps/frappe/frappe/translate.py", line 202, in get_translations_from_csv
    os.path.join(frappe.get_app_path(app, "translations"), lang + ".csv"), lang, app
                 ^^^^^^^^^^^^^^^^^^^^^^^^^^^^^^^^^^^^^^^^
  File "/Users/user/Documents/resturantOS/frappe-bench/apps/frappe/frappe/__init__.py", line 846, in get_app_path
    return get_pymodule_path(app_name, *joins)
           ^^^^^^^^^^^^^^^^^^^^^^^^^^^^^^^^^^^
  File "/Users/user/Documents/resturantOS/frappe-bench/apps/frappe/frappe/__init__.py", line 876, in get_pymodule_path
    return abspath(join(dirname(get_module(scrub(modulename)).__file__ or ""), *joins))
                                ^^^^^^^^^^^^^^^^^^^^^^^^^^^^^
  File "/Users/user/Documents/resturantOS/frappe-bench/apps/frappe/frappe/__init__.py", line 817, in get_module
    return importlib.import_module(modulename)
           ^^^^^^^^^^^^^^^^^^^^^^^^^^^^^^^^^^^
  File "/usr/local/Cellar/python@3.12/3.12.11_1/Frameworks/Python.framework/Versions/3.12/lib/python3.12/importlib/__init__.py", line 90, in import_module
    return _bootstrap._gcd_import(name[level:], package, level)
           ^^^^^^^^^^^^^^^^^^^^^^^^^^^^^^^^^^^^^^^^^^^^^^^^^^^^
  File "<frozen importlib._bootstrap>", line 1387, in _gcd_import
  File "<frozen importlib._bootstrap>", line 1360, in _find_and_load
  File "<frozen importlib._bootstrap>", line 1324, in _find_and_load_unlocked
ModuleNotFoundError: No module named 'education'
2025-09-28 01:19:55,673 ERROR frappe Unable to load translations
Site: education.localhost
Form Dict: {}
Traceback (most recent call last):
  File "/Users/user/Documents/resturantOS/frappe-bench/apps/frappe/frappe/app.py", line 102, in application
    init_request(request)
  File "/Users/user/Documents/resturantOS/frappe-bench/apps/frappe/frappe/app.py", line 178, in init_request
    frappe.init(site, sites_path=_sites_path, force=True)
  File "/Users/user/Documents/resturantOS/frappe-bench/apps/frappe/frappe/__init__.py", line 208, in init
    setup_module_map(include_all_apps=not (frappe.request or frappe.job or frappe.flags.in_migrate))
  File "/Users/user/Documents/resturantOS/frappe-bench/apps/frappe/frappe/__init__.py", line 1040, in setup_module_map
    for module in get_module_list(app):
                  ^^^^^^^^^^^^^^^^^^^^
  File "/Users/user/Documents/resturantOS/frappe-bench/apps/frappe/frappe/__init__.py", line 881, in get_module_list
    return get_file_items(get_app_path(app_name, "modules.txt"))
                          ^^^^^^^^^^^^^^^^^^^^^^^^^^^^^^^^^^^^^
  File "/Users/user/Documents/resturantOS/frappe-bench/apps/frappe/frappe/__init__.py", line 846, in get_app_path
    return get_pymodule_path(app_name, *joins)
           ^^^^^^^^^^^^^^^^^^^^^^^^^^^^^^^^^^^
  File "/Users/user/Documents/resturantOS/frappe-bench/apps/frappe/frappe/__init__.py", line 876, in get_pymodule_path
    return abspath(join(dirname(get_module(scrub(modulename)).__file__ or ""), *joins))
                                ^^^^^^^^^^^^^^^^^^^^^^^^^^^^^
  File "/Users/user/Documents/resturantOS/frappe-bench/apps/frappe/frappe/__init__.py", line 817, in get_module
    return importlib.import_module(modulename)
           ^^^^^^^^^^^^^^^^^^^^^^^^^^^^^^^^^^^
  File "/usr/local/Cellar/python@3.12/3.12.11_1/Frameworks/Python.framework/Versions/3.12/lib/python3.12/importlib/__init__.py", line 90, in import_module
    return _bootstrap._gcd_import(name[level:], package, level)
           ^^^^^^^^^^^^^^^^^^^^^^^^^^^^^^^^^^^^^^^^^^^^^^^^^^^^
  File "<frozen importlib._bootstrap>", line 1387, in _gcd_import
  File "<frozen importlib._bootstrap>", line 1360, in _find_and_load
  File "<frozen importlib._bootstrap>", line 1324, in _find_and_load_unlocked
ModuleNotFoundError: No module named 'education'

During handling of the above exception, another exception occurred:

Traceback (most recent call last):
  File "/Users/user/Documents/resturantOS/frappe-bench/apps/frappe/frappe/translate.py", line 174, in get_all_translations
    return frappe.cache.hget(MERGED_TRANSLATION_KEY, lang, generator=_merge_translations)
           ^^^^^^^^^^^^^^^^^^^^^^^^^^^^^^^^^^^^^^^^^^^^^^^^^^^^^^^^^^^^^^^^^^^^^^^^^^^^^^
  File "/Users/user/Documents/resturantOS/frappe-bench/apps/frappe/frappe/utils/redis_wrapper.py", line 253, in hget
    value = generator()
            ^^^^^^^^^^^
  File "/Users/user/Documents/resturantOS/frappe-bench/apps/frappe/frappe/translate.py", line 162, in _merge_translations
    all_translations.update(get_translations_from_apps(lang))
                            ^^^^^^^^^^^^^^^^^^^^^^^^^^^^^^^^
  File "/Users/user/Documents/resturantOS/frappe-bench/apps/frappe/frappe/translate.py", line 190, in get_translations_from_apps
    translations.update(get_translations_from_csv(lang, app) or {})
                        ^^^^^^^^^^^^^^^^^^^^^^^^^^^^^^^^^^^^
  File "/Users/user/Documents/resturantOS/frappe-bench/apps/frappe/frappe/translate.py", line 202, in get_translations_from_csv
    os.path.join(frappe.get_app_path(app, "translations"), lang + ".csv"), lang, app
                 ^^^^^^^^^^^^^^^^^^^^^^^^^^^^^^^^^^^^^^^^
  File "/Users/user/Documents/resturantOS/frappe-bench/apps/frappe/frappe/__init__.py", line 846, in get_app_path
    return get_pymodule_path(app_name, *joins)
           ^^^^^^^^^^^^^^^^^^^^^^^^^^^^^^^^^^^
  File "/Users/user/Documents/resturantOS/frappe-bench/apps/frappe/frappe/__init__.py", line 876, in get_pymodule_path
    return abspath(join(dirname(get_module(scrub(modulename)).__file__ or ""), *joins))
                                ^^^^^^^^^^^^^^^^^^^^^^^^^^^^^
  File "/Users/user/Documents/resturantOS/frappe-bench/apps/frappe/frappe/__init__.py", line 817, in get_module
    return importlib.import_module(modulename)
           ^^^^^^^^^^^^^^^^^^^^^^^^^^^^^^^^^^^
  File "/usr/local/Cellar/python@3.12/3.12.11_1/Frameworks/Python.framework/Versions/3.12/lib/python3.12/importlib/__init__.py", line 90, in import_module
    return _bootstrap._gcd_import(name[level:], package, level)
           ^^^^^^^^^^^^^^^^^^^^^^^^^^^^^^^^^^^^^^^^^^^^^^^^^^^^
  File "<frozen importlib._bootstrap>", line 1387, in _gcd_import
  File "<frozen importlib._bootstrap>", line 1360, in _find_and_load
  File "<frozen importlib._bootstrap>", line 1324, in _find_and_load_unlocked
ModuleNotFoundError: No module named 'education'
2025-09-28 01:19:58,461 ERROR frappe Unable to load translations
Site: education.localhost
Form Dict: {}
Traceback (most recent call last):
  File "/Users/user/Documents/resturantOS/frappe-bench/apps/frappe/frappe/app.py", line 102, in application
    init_request(request)
  File "/Users/user/Documents/resturantOS/frappe-bench/apps/frappe/frappe/app.py", line 178, in init_request
    frappe.init(site, sites_path=_sites_path, force=True)
  File "/Users/user/Documents/resturantOS/frappe-bench/apps/frappe/frappe/__init__.py", line 208, in init
    setup_module_map(include_all_apps=not (frappe.request or frappe.job or frappe.flags.in_migrate))
  File "/Users/user/Documents/resturantOS/frappe-bench/apps/frappe/frappe/__init__.py", line 1040, in setup_module_map
    for module in get_module_list(app):
                  ^^^^^^^^^^^^^^^^^^^^
  File "/Users/user/Documents/resturantOS/frappe-bench/apps/frappe/frappe/__init__.py", line 881, in get_module_list
    return get_file_items(get_app_path(app_name, "modules.txt"))
                          ^^^^^^^^^^^^^^^^^^^^^^^^^^^^^^^^^^^^^
  File "/Users/user/Documents/resturantOS/frappe-bench/apps/frappe/frappe/__init__.py", line 846, in get_app_path
    return get_pymodule_path(app_name, *joins)
           ^^^^^^^^^^^^^^^^^^^^^^^^^^^^^^^^^^^
  File "/Users/user/Documents/resturantOS/frappe-bench/apps/frappe/frappe/__init__.py", line 876, in get_pymodule_path
    return abspath(join(dirname(get_module(scrub(modulename)).__file__ or ""), *joins))
                                ^^^^^^^^^^^^^^^^^^^^^^^^^^^^^
  File "/Users/user/Documents/resturantOS/frappe-bench/apps/frappe/frappe/__init__.py", line 817, in get_module
    return importlib.import_module(modulename)
           ^^^^^^^^^^^^^^^^^^^^^^^^^^^^^^^^^^^
  File "/usr/local/Cellar/python@3.12/3.12.11_1/Frameworks/Python.framework/Versions/3.12/lib/python3.12/importlib/__init__.py", line 90, in import_module
    return _bootstrap._gcd_import(name[level:], package, level)
           ^^^^^^^^^^^^^^^^^^^^^^^^^^^^^^^^^^^^^^^^^^^^^^^^^^^^
  File "<frozen importlib._bootstrap>", line 1387, in _gcd_import
  File "<frozen importlib._bootstrap>", line 1360, in _find_and_load
  File "<frozen importlib._bootstrap>", line 1324, in _find_and_load_unlocked
ModuleNotFoundError: No module named 'education'

During handling of the above exception, another exception occurred:

Traceback (most recent call last):
  File "/Users/user/Documents/resturantOS/frappe-bench/apps/frappe/frappe/translate.py", line 174, in get_all_translations
    return frappe.cache.hget(MERGED_TRANSLATION_KEY, lang, generator=_merge_translations)
           ^^^^^^^^^^^^^^^^^^^^^^^^^^^^^^^^^^^^^^^^^^^^^^^^^^^^^^^^^^^^^^^^^^^^^^^^^^^^^^
  File "/Users/user/Documents/resturantOS/frappe-bench/apps/frappe/frappe/utils/redis_wrapper.py", line 253, in hget
    value = generator()
            ^^^^^^^^^^^
  File "/Users/user/Documents/resturantOS/frappe-bench/apps/frappe/frappe/translate.py", line 162, in _merge_translations
    all_translations.update(get_translations_from_apps(lang))
                            ^^^^^^^^^^^^^^^^^^^^^^^^^^^^^^^^
  File "/Users/user/Documents/resturantOS/frappe-bench/apps/frappe/frappe/translate.py", line 190, in get_translations_from_apps
    translations.update(get_translations_from_csv(lang, app) or {})
                        ^^^^^^^^^^^^^^^^^^^^^^^^^^^^^^^^^^^^
  File "/Users/user/Documents/resturantOS/frappe-bench/apps/frappe/frappe/translate.py", line 202, in get_translations_from_csv
    os.path.join(frappe.get_app_path(app, "translations"), lang + ".csv"), lang, app
                 ^^^^^^^^^^^^^^^^^^^^^^^^^^^^^^^^^^^^^^^^
  File "/Users/user/Documents/resturantOS/frappe-bench/apps/frappe/frappe/__init__.py", line 846, in get_app_path
    return get_pymodule_path(app_name, *joins)
           ^^^^^^^^^^^^^^^^^^^^^^^^^^^^^^^^^^^
  File "/Users/user/Documents/resturantOS/frappe-bench/apps/frappe/frappe/__init__.py", line 876, in get_pymodule_path
    return abspath(join(dirname(get_module(scrub(modulename)).__file__ or ""), *joins))
                                ^^^^^^^^^^^^^^^^^^^^^^^^^^^^^
  File "/Users/user/Documents/resturantOS/frappe-bench/apps/frappe/frappe/__init__.py", line 817, in get_module
    return importlib.import_module(modulename)
           ^^^^^^^^^^^^^^^^^^^^^^^^^^^^^^^^^^^
  File "/usr/local/Cellar/python@3.12/3.12.11_1/Frameworks/Python.framework/Versions/3.12/lib/python3.12/importlib/__init__.py", line 90, in import_module
    return _bootstrap._gcd_import(name[level:], package, level)
           ^^^^^^^^^^^^^^^^^^^^^^^^^^^^^^^^^^^^^^^^^^^^^^^^^^^^
  File "<frozen importlib._bootstrap>", line 1387, in _gcd_import
  File "<frozen importlib._bootstrap>", line 1360, in _find_and_load
  File "<frozen importlib._bootstrap>", line 1324, in _find_and_load_unlocked
ModuleNotFoundError: No module named 'education'
2025-09-28 01:19:58,464 ERROR frappe Unable to load translations
Site: education.localhost
Form Dict: {}
Traceback (most recent call last):
  File "/Users/user/Documents/resturantOS/frappe-bench/apps/frappe/frappe/app.py", line 102, in application
    init_request(request)
  File "/Users/user/Documents/resturantOS/frappe-bench/apps/frappe/frappe/app.py", line 178, in init_request
    frappe.init(site, sites_path=_sites_path, force=True)
  File "/Users/user/Documents/resturantOS/frappe-bench/apps/frappe/frappe/__init__.py", line 208, in init
    setup_module_map(include_all_apps=not (frappe.request or frappe.job or frappe.flags.in_migrate))
  File "/Users/user/Documents/resturantOS/frappe-bench/apps/frappe/frappe/__init__.py", line 1040, in setup_module_map
    for module in get_module_list(app):
                  ^^^^^^^^^^^^^^^^^^^^
  File "/Users/user/Documents/resturantOS/frappe-bench/apps/frappe/frappe/__init__.py", line 881, in get_module_list
    return get_file_items(get_app_path(app_name, "modules.txt"))
                          ^^^^^^^^^^^^^^^^^^^^^^^^^^^^^^^^^^^^^
  File "/Users/user/Documents/resturantOS/frappe-bench/apps/frappe/frappe/__init__.py", line 846, in get_app_path
    return get_pymodule_path(app_name, *joins)
           ^^^^^^^^^^^^^^^^^^^^^^^^^^^^^^^^^^^
  File "/Users/user/Documents/resturantOS/frappe-bench/apps/frappe/frappe/__init__.py", line 876, in get_pymodule_path
    return abspath(join(dirname(get_module(scrub(modulename)).__file__ or ""), *joins))
                                ^^^^^^^^^^^^^^^^^^^^^^^^^^^^^
  File "/Users/user/Documents/resturantOS/frappe-bench/apps/frappe/frappe/__init__.py", line 817, in get_module
    return importlib.import_module(modulename)
           ^^^^^^^^^^^^^^^^^^^^^^^^^^^^^^^^^^^
  File "/usr/local/Cellar/python@3.12/3.12.11_1/Frameworks/Python.framework/Versions/3.12/lib/python3.12/importlib/__init__.py", line 90, in import_module
    return _bootstrap._gcd_import(name[level:], package, level)
           ^^^^^^^^^^^^^^^^^^^^^^^^^^^^^^^^^^^^^^^^^^^^^^^^^^^^
  File "<frozen importlib._bootstrap>", line 1387, in _gcd_import
  File "<frozen importlib._bootstrap>", line 1360, in _find_and_load
  File "<frozen importlib._bootstrap>", line 1324, in _find_and_load_unlocked
ModuleNotFoundError: No module named 'education'

During handling of the above exception, another exception occurred:

Traceback (most recent call last):
  File "/Users/user/Documents/resturantOS/frappe-bench/apps/frappe/frappe/translate.py", line 174, in get_all_translations
    return frappe.cache.hget(MERGED_TRANSLATION_KEY, lang, generator=_merge_translations)
           ^^^^^^^^^^^^^^^^^^^^^^^^^^^^^^^^^^^^^^^^^^^^^^^^^^^^^^^^^^^^^^^^^^^^^^^^^^^^^^
  File "/Users/user/Documents/resturantOS/frappe-bench/apps/frappe/frappe/utils/redis_wrapper.py", line 253, in hget
    value = generator()
            ^^^^^^^^^^^
  File "/Users/user/Documents/resturantOS/frappe-bench/apps/frappe/frappe/translate.py", line 162, in _merge_translations
    all_translations.update(get_translations_from_apps(lang))
                            ^^^^^^^^^^^^^^^^^^^^^^^^^^^^^^^^
  File "/Users/user/Documents/resturantOS/frappe-bench/apps/frappe/frappe/translate.py", line 190, in get_translations_from_apps
    translations.update(get_translations_from_csv(lang, app) or {})
                        ^^^^^^^^^^^^^^^^^^^^^^^^^^^^^^^^^^^^
  File "/Users/user/Documents/resturantOS/frappe-bench/apps/frappe/frappe/translate.py", line 202, in get_translations_from_csv
    os.path.join(frappe.get_app_path(app, "translations"), lang + ".csv"), lang, app
                 ^^^^^^^^^^^^^^^^^^^^^^^^^^^^^^^^^^^^^^^^
  File "/Users/user/Documents/resturantOS/frappe-bench/apps/frappe/frappe/__init__.py", line 846, in get_app_path
    return get_pymodule_path(app_name, *joins)
           ^^^^^^^^^^^^^^^^^^^^^^^^^^^^^^^^^^^
  File "/Users/user/Documents/resturantOS/frappe-bench/apps/frappe/frappe/__init__.py", line 876, in get_pymodule_path
    return abspath(join(dirname(get_module(scrub(modulename)).__file__ or ""), *joins))
                                ^^^^^^^^^^^^^^^^^^^^^^^^^^^^^
  File "/Users/user/Documents/resturantOS/frappe-bench/apps/frappe/frappe/__init__.py", line 817, in get_module
    return importlib.import_module(modulename)
           ^^^^^^^^^^^^^^^^^^^^^^^^^^^^^^^^^^^
  File "/usr/local/Cellar/python@3.12/3.12.11_1/Frameworks/Python.framework/Versions/3.12/lib/python3.12/importlib/__init__.py", line 90, in import_module
    return _bootstrap._gcd_import(name[level:], package, level)
           ^^^^^^^^^^^^^^^^^^^^^^^^^^^^^^^^^^^^^^^^^^^^^^^^^^^^
  File "<frozen importlib._bootstrap>", line 1387, in _gcd_import
  File "<frozen importlib._bootstrap>", line 1360, in _find_and_load
  File "<frozen importlib._bootstrap>", line 1324, in _find_and_load_unlocked
ModuleNotFoundError: No module named 'education'
2025-09-28 01:20:31,578 ERROR frappe Unable to load translations
Site: education.localhost
Form Dict: {}
Traceback (most recent call last):
  File "/Users/user/Documents/resturantOS/frappe-bench/apps/frappe/frappe/app.py", line 102, in application
    init_request(request)
  File "/Users/user/Documents/resturantOS/frappe-bench/apps/frappe/frappe/app.py", line 178, in init_request
    frappe.init(site, sites_path=_sites_path, force=True)
  File "/Users/user/Documents/resturantOS/frappe-bench/apps/frappe/frappe/__init__.py", line 208, in init
    setup_module_map(include_all_apps=not (frappe.request or frappe.job or frappe.flags.in_migrate))
  File "/Users/user/Documents/resturantOS/frappe-bench/apps/frappe/frappe/__init__.py", line 1040, in setup_module_map
    for module in get_module_list(app):
                  ^^^^^^^^^^^^^^^^^^^^
  File "/Users/user/Documents/resturantOS/frappe-bench/apps/frappe/frappe/__init__.py", line 881, in get_module_list
    return get_file_items(get_app_path(app_name, "modules.txt"))
                          ^^^^^^^^^^^^^^^^^^^^^^^^^^^^^^^^^^^^^
  File "/Users/user/Documents/resturantOS/frappe-bench/apps/frappe/frappe/__init__.py", line 846, in get_app_path
    return get_pymodule_path(app_name, *joins)
           ^^^^^^^^^^^^^^^^^^^^^^^^^^^^^^^^^^^
  File "/Users/user/Documents/resturantOS/frappe-bench/apps/frappe/frappe/__init__.py", line 876, in get_pymodule_path
    return abspath(join(dirname(get_module(scrub(modulename)).__file__ or ""), *joins))
                                ^^^^^^^^^^^^^^^^^^^^^^^^^^^^^
  File "/Users/user/Documents/resturantOS/frappe-bench/apps/frappe/frappe/__init__.py", line 817, in get_module
    return importlib.import_module(modulename)
           ^^^^^^^^^^^^^^^^^^^^^^^^^^^^^^^^^^^
  File "/usr/local/Cellar/python@3.12/3.12.11_1/Frameworks/Python.framework/Versions/3.12/lib/python3.12/importlib/__init__.py", line 90, in import_module
    return _bootstrap._gcd_import(name[level:], package, level)
           ^^^^^^^^^^^^^^^^^^^^^^^^^^^^^^^^^^^^^^^^^^^^^^^^^^^^
  File "<frozen importlib._bootstrap>", line 1387, in _gcd_import
  File "<frozen importlib._bootstrap>", line 1360, in _find_and_load
  File "<frozen importlib._bootstrap>", line 1324, in _find_and_load_unlocked
ModuleNotFoundError: No module named 'education'

During handling of the above exception, another exception occurred:

Traceback (most recent call last):
  File "/Users/user/Documents/resturantOS/frappe-bench/apps/frappe/frappe/translate.py", line 174, in get_all_translations
    return frappe.cache.hget(MERGED_TRANSLATION_KEY, lang, generator=_merge_translations)
           ^^^^^^^^^^^^^^^^^^^^^^^^^^^^^^^^^^^^^^^^^^^^^^^^^^^^^^^^^^^^^^^^^^^^^^^^^^^^^^
  File "/Users/user/Documents/resturantOS/frappe-bench/apps/frappe/frappe/utils/redis_wrapper.py", line 253, in hget
    value = generator()
            ^^^^^^^^^^^
  File "/Users/user/Documents/resturantOS/frappe-bench/apps/frappe/frappe/translate.py", line 162, in _merge_translations
    all_translations.update(get_translations_from_apps(lang))
                            ^^^^^^^^^^^^^^^^^^^^^^^^^^^^^^^^
  File "/Users/user/Documents/resturantOS/frappe-bench/apps/frappe/frappe/translate.py", line 190, in get_translations_from_apps
    translations.update(get_translations_from_csv(lang, app) or {})
                        ^^^^^^^^^^^^^^^^^^^^^^^^^^^^^^^^^^^^
  File "/Users/user/Documents/resturantOS/frappe-bench/apps/frappe/frappe/translate.py", line 202, in get_translations_from_csv
    os.path.join(frappe.get_app_path(app, "translations"), lang + ".csv"), lang, app
                 ^^^^^^^^^^^^^^^^^^^^^^^^^^^^^^^^^^^^^^^^
  File "/Users/user/Documents/resturantOS/frappe-bench/apps/frappe/frappe/__init__.py", line 846, in get_app_path
    return get_pymodule_path(app_name, *joins)
           ^^^^^^^^^^^^^^^^^^^^^^^^^^^^^^^^^^^
  File "/Users/user/Documents/resturantOS/frappe-bench/apps/frappe/frappe/__init__.py", line 876, in get_pymodule_path
    return abspath(join(dirname(get_module(scrub(modulename)).__file__ or ""), *joins))
                                ^^^^^^^^^^^^^^^^^^^^^^^^^^^^^
  File "/Users/user/Documents/resturantOS/frappe-bench/apps/frappe/frappe/__init__.py", line 817, in get_module
    return importlib.import_module(modulename)
           ^^^^^^^^^^^^^^^^^^^^^^^^^^^^^^^^^^^
  File "/usr/local/Cellar/python@3.12/3.12.11_1/Frameworks/Python.framework/Versions/3.12/lib/python3.12/importlib/__init__.py", line 90, in import_module
    return _bootstrap._gcd_import(name[level:], package, level)
           ^^^^^^^^^^^^^^^^^^^^^^^^^^^^^^^^^^^^^^^^^^^^^^^^^^^^
  File "<frozen importlib._bootstrap>", line 1387, in _gcd_import
  File "<frozen importlib._bootstrap>", line 1360, in _find_and_load
  File "<frozen importlib._bootstrap>", line 1324, in _find_and_load_unlocked
ModuleNotFoundError: No module named 'education'
2025-09-28 01:20:31,584 ERROR frappe Unable to load translations
Site: education.localhost
Form Dict: {}
Traceback (most recent call last):
  File "/Users/user/Documents/resturantOS/frappe-bench/apps/frappe/frappe/app.py", line 102, in application
    init_request(request)
  File "/Users/user/Documents/resturantOS/frappe-bench/apps/frappe/frappe/app.py", line 178, in init_request
    frappe.init(site, sites_path=_sites_path, force=True)
  File "/Users/user/Documents/resturantOS/frappe-bench/apps/frappe/frappe/__init__.py", line 208, in init
    setup_module_map(include_all_apps=not (frappe.request or frappe.job or frappe.flags.in_migrate))
  File "/Users/user/Documents/resturantOS/frappe-bench/apps/frappe/frappe/__init__.py", line 1040, in setup_module_map
    for module in get_module_list(app):
                  ^^^^^^^^^^^^^^^^^^^^
  File "/Users/user/Documents/resturantOS/frappe-bench/apps/frappe/frappe/__init__.py", line 881, in get_module_list
    return get_file_items(get_app_path(app_name, "modules.txt"))
                          ^^^^^^^^^^^^^^^^^^^^^^^^^^^^^^^^^^^^^
  File "/Users/user/Documents/resturantOS/frappe-bench/apps/frappe/frappe/__init__.py", line 846, in get_app_path
    return get_pymodule_path(app_name, *joins)
           ^^^^^^^^^^^^^^^^^^^^^^^^^^^^^^^^^^^
  File "/Users/user/Documents/resturantOS/frappe-bench/apps/frappe/frappe/__init__.py", line 876, in get_pymodule_path
    return abspath(join(dirname(get_module(scrub(modulename)).__file__ or ""), *joins))
                                ^^^^^^^^^^^^^^^^^^^^^^^^^^^^^
  File "/Users/user/Documents/resturantOS/frappe-bench/apps/frappe/frappe/__init__.py", line 817, in get_module
    return importlib.import_module(modulename)
           ^^^^^^^^^^^^^^^^^^^^^^^^^^^^^^^^^^^
  File "/usr/local/Cellar/python@3.12/3.12.11_1/Frameworks/Python.framework/Versions/3.12/lib/python3.12/importlib/__init__.py", line 90, in import_module
    return _bootstrap._gcd_import(name[level:], package, level)
           ^^^^^^^^^^^^^^^^^^^^^^^^^^^^^^^^^^^^^^^^^^^^^^^^^^^^
  File "<frozen importlib._bootstrap>", line 1387, in _gcd_import
  File "<frozen importlib._bootstrap>", line 1360, in _find_and_load
  File "<frozen importlib._bootstrap>", line 1324, in _find_and_load_unlocked
ModuleNotFoundError: No module named 'education'

During handling of the above exception, another exception occurred:

Traceback (most recent call last):
  File "/Users/user/Documents/resturantOS/frappe-bench/apps/frappe/frappe/translate.py", line 174, in get_all_translations
    return frappe.cache.hget(MERGED_TRANSLATION_KEY, lang, generator=_merge_translations)
           ^^^^^^^^^^^^^^^^^^^^^^^^^^^^^^^^^^^^^^^^^^^^^^^^^^^^^^^^^^^^^^^^^^^^^^^^^^^^^^
  File "/Users/user/Documents/resturantOS/frappe-bench/apps/frappe/frappe/utils/redis_wrapper.py", line 253, in hget
    value = generator()
            ^^^^^^^^^^^
  File "/Users/user/Documents/resturantOS/frappe-bench/apps/frappe/frappe/translate.py", line 162, in _merge_translations
    all_translations.update(get_translations_from_apps(lang))
                            ^^^^^^^^^^^^^^^^^^^^^^^^^^^^^^^^
  File "/Users/user/Documents/resturantOS/frappe-bench/apps/frappe/frappe/translate.py", line 190, in get_translations_from_apps
    translations.update(get_translations_from_csv(lang, app) or {})
                        ^^^^^^^^^^^^^^^^^^^^^^^^^^^^^^^^^^^^
  File "/Users/user/Documents/resturantOS/frappe-bench/apps/frappe/frappe/translate.py", line 202, in get_translations_from_csv
    os.path.join(frappe.get_app_path(app, "translations"), lang + ".csv"), lang, app
                 ^^^^^^^^^^^^^^^^^^^^^^^^^^^^^^^^^^^^^^^^
  File "/Users/user/Documents/resturantOS/frappe-bench/apps/frappe/frappe/__init__.py", line 846, in get_app_path
    return get_pymodule_path(app_name, *joins)
           ^^^^^^^^^^^^^^^^^^^^^^^^^^^^^^^^^^^
  File "/Users/user/Documents/resturantOS/frappe-bench/apps/frappe/frappe/__init__.py", line 876, in get_pymodule_path
    return abspath(join(dirname(get_module(scrub(modulename)).__file__ or ""), *joins))
                                ^^^^^^^^^^^^^^^^^^^^^^^^^^^^^
  File "/Users/user/Documents/resturantOS/frappe-bench/apps/frappe/frappe/__init__.py", line 817, in get_module
    return importlib.import_module(modulename)
           ^^^^^^^^^^^^^^^^^^^^^^^^^^^^^^^^^^^
  File "/usr/local/Cellar/python@3.12/3.12.11_1/Frameworks/Python.framework/Versions/3.12/lib/python3.12/importlib/__init__.py", line 90, in import_module
    return _bootstrap._gcd_import(name[level:], package, level)
           ^^^^^^^^^^^^^^^^^^^^^^^^^^^^^^^^^^^^^^^^^^^^^^^^^^^^
  File "<frozen importlib._bootstrap>", line 1387, in _gcd_import
  File "<frozen importlib._bootstrap>", line 1360, in _find_and_load
  File "<frozen importlib._bootstrap>", line 1324, in _find_and_load_unlocked
ModuleNotFoundError: No module named 'education'
2025-09-28 11:03:50,986 ERROR frappe New Exception collected in error log
Site: education.localhost
Form Dict: {'responses': '{"site":"education.localhost","role":"Trainer / Instructor","use_case":"Teaching students in a school/university"}', 'cmd': 'lms.lms.api.capture_user_persona'}
2025-09-28 11:03:52,999 ERROR frappe New Exception collected in error log
Site: education.localhost
Form Dict: {'responses': '{"site":"education.localhost","role":"Trainer / Instructor","use_case":"Teaching students in a school/university"}', 'cmd': 'lms.lms.api.capture_user_persona'}
2025-09-28 11:03:54,898 ERROR frappe New Exception collected in error log
Site: education.localhost
Form Dict: {'responses': '{"site":"education.localhost","role":"Trainer / Instructor","use_case":"Teaching students in a school/university"}', 'cmd': 'lms.lms.api.capture_user_persona'}
2025-09-28 11:03:57,865 ERROR frappe New Exception collected in error log
Site: education.localhost
Form Dict: {'responses': '{"site":"education.localhost","role":"Trainer / Instructor","use_case":"Teaching students in a school/university"}', 'cmd': 'lms.lms.api.capture_user_persona'}
2025-09-28 11:04:06,161 ERROR frappe New Exception collected in error log
Site: education.localhost
Form Dict: {'responses': '{"site":"education.localhost","role":"Trainer / Instructor","use_case":"Teaching students in a school/university"}', 'cmd': 'lms.lms.api.capture_user_persona'}
2025-09-28 11:04:06,800 ERROR frappe New Exception collected in error log
Site: education.localhost
Form Dict: {'responses': '{"site":"education.localhost","role":"Trainer / Instructor","use_case":"Teaching students in a school/university"}', 'cmd': 'lms.lms.api.capture_user_persona'}
